Component: ARM Compiler 5.06 update 7 (build 960) Tool: armlink [4d3601]

==============================================================================

Section Cross References

    main.o(i.main) refers to _printf_percent.o(.ARM.Collect$$_printf_percent$$00000000) for _printf_percent
    main.o(i.main) refers to _printf_f.o(.ARM.Collect$$_printf_percent$$00000003) for _printf_f
    main.o(i.main) refers to printf1.o(x$fpl$printf1) for _printf_fp_dec
    main.o(i.main) refers to stm32f1xx_hal.o(i.HAL_Init) for HAL_Init
    main.o(i.main) refers to delay.o(i.SystemClock_Config) for SystemClock_Config
    main.o(i.main) refers to delay.o(i.delay_init) for delay_init
    main.o(i.main) refers to sys.o(i.JTAG_Set) for JTAG_Set
    main.o(i.main) refers to lq_usart.o(i.uart_init) for uart_init
    main.o(i.main) refers to lq_oled096.o(i.OLED_Init) for OLED_Init
    main.o(i.main) refers to lq_led.o(i.LED_Init) for LED_Init
    main.o(i.main) refers to lq_motor.o(i.MotorInit) for MotorInit
    main.o(i.main) refers to delay.o(i.delay_ms) for delay_ms
    main.o(i.main) refers to noretval__2printf.o(.text) for __2printf
    main.o(i.main) refers to lq_usart.o(i.uart_SendBuf) for uart_SendBuf
    main.o(i.main) refers to lq_oled096.o(i.OLED_P8x16Str) for OLED_P8x16Str
    main.o(i.main) refers to atof.o(i.atof) for atof
    main.o(i.main) refers to noretval__2sprintf.o(.text) for __2sprintf
    main.o(i.main) refers to lq_led.o(i.LED_Ctrl) for LED_Ctrl
    main.o(i.main) refers to dleqf.o(x$fpl$dleqf) for __aeabi_cdcmple
    main.o(i.main) refers to drleqf.o(x$fpl$drleqf) for __aeabi_cdrcmple
    main.o(i.main) refers to lq_motor.o(i.MotorCtrl3w) for MotorCtrl3w
    main.o(i.main) refers to dmul.o(x$fpl$dmul) for __aeabi_dmul
    main.o(i.main) refers to daddsub_clz.o(x$fpl$dadd) for __aeabi_dadd
    main.o(i.main) refers to dfix.o(x$fpl$dfix) for __aeabi_d2iz
    main.o(i.main) refers to daddsub_clz.o(x$fpl$drsb) for __aeabi_drsub
    main.o(i.main) refers to daddsub_clz.o(x$fpl$dsub) for __aeabi_dsub
    main.o(i.main) refers to lq_usart.o(.bss) for USART3_Handler
    main.o(i.main) refers to lq_usart.o(.data) for receive_oneline3
    main.o(i.main) refers to main.o(.data) for x_error
    main.o(i.main) refers to main.o(.bss) for txt
    stm32f1xx_it.o(i.SysTick_Handler) refers to stm32f1xx_hal.o(i.HAL_IncTick) for HAL_IncTick
    stm32f1xx_it.o(i.TIM3_IRQHandler) refers to stm32f1xx_hal_tim.o(i.HAL_TIM_IRQHandler) for HAL_TIM_IRQHandler
    stm32f1xx_it.o(i.TIM3_IRQHandler) refers to lq_tim.o(.bss) for TIM3_Handler
    stm32f1xx_it.o(i.USART2_IRQHandler) refers to stm32f1xx_hal_uart.o(i.HAL_UART_IRQHandler) for HAL_UART_IRQHandler
    stm32f1xx_it.o(i.USART2_IRQHandler) refers to lq_usart.o(.bss) for USART2_Handler
    stm32f1xx_it.o(i.USART3_IRQHandler) refers to stm32f1xx_hal_uart.o(i.HAL_UART_IRQHandler) for HAL_UART_IRQHandler
    stm32f1xx_it.o(i.USART3_IRQHandler) refers to lq_usart.o(.bss) for USART3_Handler
    ano_dt.o(i.ANO_DT_send_int16) refers to ano_dt.o(.bss) for data_to_send
    delay.o(i.SystemClock_Config) refers to rt_memclr_w.o(.text) for __aeabi_memclr4
    delay.o(i.SystemClock_Config) refers to stm32f1xx_hal_rcc.o(i.HAL_RCC_OscConfig) for HAL_RCC_OscConfig
    delay.o(i.SystemClock_Config) refers to stm32f1xx_hal_rcc.o(i.HAL_RCC_ClockConfig) for HAL_RCC_ClockConfig
    delay.o(i.delay_init) refers to stm32f1xx_hal_cortex.o(i.HAL_SYSTICK_CLKSourceConfig) for HAL_SYSTICK_CLKSourceConfig
    delay.o(i.delay_init) refers to delay.o(.data) for fac_us
    delay.o(i.delay_ms) refers to delay.o(i.delay_us) for delay_us
    delay.o(i.delay_us) refers to delay.o(.data) for fac_us
    lq_adc.o(i.ADC_Init) refers to stm32f1xx_hal_rcc_ex.o(i.HAL_RCCEx_PeriphCLKConfig) for HAL_RCCEx_PeriphCLKConfig
    lq_adc.o(i.ADC_Init) refers to stm32f1xx_hal_adc.o(i.HAL_ADC_Init) for HAL_ADC_Init
    lq_adc.o(i.ADC_Init) refers to stm32f1xx_hal_adc_ex.o(i.HAL_ADCEx_Calibration_Start) for HAL_ADCEx_Calibration_Start
    lq_adc.o(i.ADC_Init) refers to lq_adc.o(.bss) for ADC1_Handler
    lq_adc.o(i.Get_Adc) refers to stm32f1xx_hal_adc.o(i.HAL_ADC_ConfigChannel) for HAL_ADC_ConfigChannel
    lq_adc.o(i.Get_Adc) refers to stm32f1xx_hal_adc.o(i.HAL_ADC_Start) for HAL_ADC_Start
    lq_adc.o(i.Get_Adc) refers to stm32f1xx_hal_adc.o(i.HAL_ADC_PollForConversion) for HAL_ADC_PollForConversion
    lq_adc.o(i.Get_Adc) refers to stm32f1xx_hal_adc.o(i.HAL_ADC_GetValue) for HAL_ADC_GetValue
    lq_adc.o(i.Get_Adc) refers to lq_adc.o(.bss) for ADC1_Handler
    lq_adc.o(i.Get_Adc_Average) refers to lq_adc.o(i.Get_Adc) for Get_Adc
    lq_adc.o(i.Get_Adc_Average) refers to delay.o(i.delay_ms) for delay_ms
    lq_adc.o(i.Get_Temp) refers to fflt_clz.o(x$fpl$ffltu) for __aeabi_ui2f
    lq_adc.o(i.Get_Temp) refers to f2d.o(x$fpl$f2d) for __aeabi_f2d
    lq_adc.o(i.Get_Temp) refers to dmul.o(x$fpl$dmul) for __aeabi_dmul
    lq_adc.o(i.Get_Temp) refers to daddsub_clz.o(x$fpl$dsub) for __aeabi_dsub
[...]
    i.HAL_TIM_PWM_Start_IT                   0x08002fe8   Section        0  stm32f1xx_hal_tim.o(i.HAL_TIM_PWM_Start_IT)
    i.HAL_TIM_PeriodElapsedCallback          0x0800308c   Section        0  lq_tim.o(i.HAL_TIM_PeriodElapsedCallback)
    i.HAL_TIM_TriggerCallback                0x080030a4   Section        0  stm32f1xx_hal_tim.o(i.HAL_TIM_TriggerCallback)
    i.HAL_UART_ErrorCallback                 0x080030a6   Section        0  stm32f1xx_hal_uart.o(i.HAL_UART_ErrorCallback)
    i.HAL_UART_IRQHandler                    0x080030a8   Section        0  stm32f1xx_hal_uart.o(i.HAL_UART_IRQHandler)
    i.HAL_UART_Init                          0x080031f4   Section        0  stm32f1xx_hal_uart.o(i.HAL_UART_Init)
    i.HAL_UART_MspInit                       0x08003268   Section        0  lq_usart.o(i.HAL_UART_MspInit)
    i.HAL_UART_Receive_IT                    0x080033a8   Section        0  stm32f1xx_hal_uart.o(i.HAL_UART_Receive_IT)
    i.HAL_UART_RxCpltCallback                0x08003418   Section        0  lq_usart.o(i.HAL_UART_RxCpltCallback)
    i.HAL_UART_Transmit                      0x080034f4   Section        0  stm32f1xx_hal_uart.o(i.HAL_UART_Transmit)
    i.HAL_UART_TxCpltCallback                0x080035ca   Section        0  stm32f1xx_hal_uart.o(i.HAL_UART_TxCpltCallback)
    i.HardFault_Handler                      0x080035cc   Section        0  stm32f1xx_it.o(i.HardFault_Handler)
    i.JTAG_Set                               0x080035d0   Section        0  sys.o(i.JTAG_Set)
    i.LED_Ctrl                               0x08003600   Section        0  lq_led.o(i.LED_Ctrl)
    i.LED_Init                               0x0800364c   Section        0  lq_led.o(i.LED_Init)
    i.MemManage_Handler                      0x0800369c   Section        0  stm32f1xx_it.o(i.MemManage_Handler)
    i.MotorCtrl3w                            0x080036a0   Section        0  lq_motor.o(i.MotorCtrl3w)
    i.MotorInit                              0x08003728   Section        0  lq_motor.o(i.MotorInit)
    i.NMI_Handler                            0x080037c4   Section        0  stm32f1xx_it.o(i.NMI_Handler)
    i.OLED_CLS                               0x080037c6   Section        0  lq_oled096.o(i.OLED_CLS)
    i.OLED_Init                              0x08003800   Section        0  lq_oled096.o(i.OLED_Init)
    i.OLED_P8x16Str                          0x0800394c   Section        0  lq_oled096.o(i.OLED_P8x16Str)
    i.OLED_Set_Pos                           0x080039d4   Section        0  lq_oled096.o(i.OLED_Set_Pos)
    i.OLED_WrCmd                             0x080039f8   Section        0  lq_oled096.o(i.OLED_WrCmd)
    i.OLED_WrDat                             0x08003a6c   Section        0  lq_oled096.o(i.OLED_WrDat)
    i.PendSV_Handler                         0x08003ae0   Section        0  stm32f1xx_it.o(i.PendSV_Handler)
    i.RCC_Delay                              0x08003ae4   Section        0  stm32f1xx_hal_rcc.o(i.RCC_Delay)
    RCC_Delay                                0x08003ae5   Thumb Code    36  stm32f1xx_hal_rcc.o(i.RCC_Delay)
    i.SVC_Handler                            0x08003b0c   Section        0  stm32f1xx_it.o(i.SVC_Handler)
    i.SysTick_Handler                        0x08003b0e   Section        0  stm32f1xx_it.o(i.SysTick_Handler)
    i.SystemClock_Config                     0x08003b16   Section        0  delay.o(i.SystemClock_Config)
    i.SystemInit                             0x08003b7c   Section        0  system_stm32f1xx.o(i.SystemInit)
    i.TIM1_PWM_Init                          0x08003bd4   Section        0  lq_motor.o(i.TIM1_PWM_Init)
    i.TIM2_IRQHandler                        0x08003c5c   Section        0  stm32f1xx_it.o(i.TIM2_IRQHandler)
    i.TIM3_IRQHandler                        0x08003c74   Section        0  stm32f1xx_it.o(i.TIM3_IRQHandler)
    i.TIM4_IRQHandler                        0x08003c98   Section        0  stm32f1xx_it.o(i.TIM4_IRQHandler)
    i.TIM_Base_SetConfig                     0x08003cb0   Section        0  stm32f1xx_hal_tim.o(i.TIM_Base_SetConfig)
    i.TIM_CCxChannelCmd                      0x08003d4c   Section        0  stm32f1xx_hal_tim.o(i.TIM_CCxChannelCmd)
    i.TIM_OC1_SetConfig                      0x08003d70   Section        0  stm32f1xx_hal_tim.o(i.TIM_OC1_SetConfig)
    TIM_OC1_SetConfig                        0x08003d71   Thumb Code   104  stm32f1xx_hal_tim.o(i.TIM_OC1_SetConfig)
    i.TIM_OC2_SetConfig                      0x08003de0   Section        0  stm32f1xx_hal_tim.o(i.TIM_OC2_SetConfig)
    i.TIM_OC3_SetConfig                      0x08003e5c   Section        0  stm32f1xx_hal_tim.o(i.TIM_OC3_SetConfig)
    TIM_OC3_SetConfig                        0x08003e5d   Thumb Code   112  stm32f1xx_hal_tim.o(i.TIM_OC3_SetConfig)
    i.TIM_OC4_SetConfig                      0x08003ed4   Section        0  stm32f1xx_hal_tim.o(i.TIM_OC4_SetConfig)
    TIM_OC4_SetConfig                        0x08003ed5   Thumb Code    74  stm32f1xx_hal_tim.o(i.TIM_OC4_SetConfig)
    i.UART_DMAAbortOnError                   0x08003f28   Section        0  stm32f1xx_hal_uart.o(i.UART_DMAAbortOnError)
    UART_DMAAbortOnError                     0x08003f29   Thumb Code    20  stm32f1xx_hal_uart.o(i.UART_DMAAbortOnError)
    i.UART_EndRxTransfer                     0x08003f3c   Section        0  stm32f1xx_hal_uart.o(i.UART_EndRxTransfer)
    UART_EndRxTransfer                       0x08003f3d   Thumb Code    32  stm32f1xx_hal_uart.o(i.UART_EndRxTransfer)
    i.UART_EndTransmit_IT                    0x08003f5c   Section        0  stm32f1xx_hal_uart.o(i.UART_EndTransmit_IT)
    UART_EndTransmit_IT                      0x08003f5d   Thumb Code    32  stm32f1xx_hal_uart.o(i.UART_EndTransmit_IT)
    i.UART_Receive_IT                        0x08003f7c   Section        0  stm32f1xx_hal_uart.o(i.UART_Receive_IT)
    UART_Receive_IT                          0x08003f7d   Thumb Code   166  stm32f1xx_hal_uart.o(i.UART_Receive_IT)
    i.UART_SetConfig                         0x08004024   Section        0  stm32f1xx_hal_uart.o(i.UART_SetConfig)
    UART_SetConfig                           0x08004025   Thumb Code   412  stm32f1xx_hal_uart.o(i.UART_SetConfig)
    i.UART_Transmit_IT                       0x080041c4   Section        0  stm32f1xx_hal_uart.o(i.UART_Transmit_IT)
    UART_Transmit_IT                         0x080041c5   Thumb Code   104  stm32f1xx_hal_uart.o(i.UART_Transmit_IT)
    i.UART_WaitOnFlagUntilTimeout            0x0800422c   Section        0  stm32f1xx_hal_uart.o(i.UART_WaitOnFlagUntilTimeout)
    UART_WaitOnFlagUntilTimeout              0x0800422d   Thumb Code   108  stm32f1xx_hal_uart.o(i.UART_WaitOnFlagUntilTimeout)
    i.USART2_IRQHandler                      0x08004298   Section        0  stm32f1xx_it.o(i.USART2_IRQHandler)
    i.USART3_IRQHandler                      0x080042a8   Section        0  stm32f1xx_it.o(i.USART3_IRQHandler)
    i.UsageFault_Handler                     0x080042b8   Section        0  stm32f1xx_it.o(i.UsageFault_Handler)
    i.__ARM_fpclassify                       0x080042bc   Section        0  fpclassify.o(i.__ARM_fpclassify)
    i.__NVIC_GetPriorityGrouping             0x080042e4   Section        0  stm32f1xx_hal_cortex.o(i.__NVIC_GetPriorityGrouping)
    __NVIC_GetPriorityGrouping               0x080042e5   Thumb Code    10  stm32f1xx_hal_cortex.o(i.__NVIC_GetPriorityGrouping)
    i.__NVIC_SetPriority                     0x080042f4   Section        0  stm32f1xx_hal_cortex.o(i.__NVIC_SetPriority)
    __NVIC_SetPriority                       0x080042f5   Thumb Code    32  stm32f1xx_hal_cortex.o(i.__NVIC_SetPriority)
    i.__mathlib_dbl_overflow                 0x0800431c   Section        0  dunder.o(i.__mathlib_dbl_overflow)
    i.__mathlib_dbl_underflow                0x0800432c   Section        0  dunder.o(i.__mathlib_dbl_underflow)
    i.__mathlib_narrow                       0x0800433c   Section        0  narrow.o(i.__mathlib_narrow)
    i.__mathlib_tofloat                      0x0800434c   Section        0  narrow.o(i.__mathlib_tofloat)
    i.__support_ldexp                        0x08004408   Section        0  ldexp.o(i.__support_ldexp)
    i._is_digit                              0x0800441e   Section        0  __printf_wp.o(i._is_digit)
    i._sys_exit                              0x0800442c   Section        0  lq_usart.o(i._sys_exit)
    i.atof                                   0x08004430   Section        0  atof.o(i.atof)
    i.delay_init                             0x0800445c   Section        0  delay.o(i.delay_init)
    i.delay_ms                               0x08004470   Section        0  delay.o(i.delay_ms)
    i.delay_us                               0x08004488   Section        0  delay.o(i.delay_us)
    i.fputc                                  0x080044d0   Section        0  lq_usart.o(i.fputc)
    i.frexp                                  0x080044ec   Section        0  frexp.o(i.frexp)
    i.ldexp                                  0x08004544   Section        0  ldexp.o(i.ldexp)
    i.lq_oled_short_delay                    0x080045b8   Section        0  lq_oled096.o(i.lq_oled_short_delay)
    i.main                                   0x080045c8   Section        0  main.o(i.main)
    i.uart_SendBuf                           0x08004874   Section        0  lq_usart.o(i.uart_SendBuf)
    i.uart_init                              0x080048c4   Section        0  lq_usart.o(i.uart_init)
    locale$$code                             0x0800493c   Section       44  lc_numeric_c.o(locale$$code)
    locale$$code                             0x08004968   Section       44  lc_ctype_c.o(locale$$code)
    x$fpl$d2f                                0x08004994   Section       98  d2f.o(x$fpl$d2f)
    x$fpl$dadd                               0x080049f8   Section      336  daddsub_clz.o(x$fpl$dadd)
    _dadd1                                   0x08004a09   Thumb Code     0  daddsub_clz.o(x$fpl$dadd)
    x$fpl$dcheck1                            0x08004b48   Section       16  dcheck1.o(x$fpl$dcheck1)
    x$fpl$dcmpinf                            0x08004b58   Section       24  dcmpi.o(x$fpl$dcmpinf)
    x$fpl$deqf                               0x08004b70   Section      120  deqf.o(x$fpl$deqf)
    x$fpl$dfix                               0x08004be8   Section       94  dfix.o(x$fpl$dfix)
    x$fpl$dleqf                              0x08004c48   Section      120  dleqf.o(x$fpl$dleqf)
    x$fpl$dmul                               0x08004cc0   Section      340  dmul.o(x$fpl$dmul)
    x$fpl$dnaninf                            0x08004e14   Section      156  dnaninf.o(x$fpl$dnaninf)
    x$fpl$dretinf                            0x08004eb0   Section       12  dretinf.o(x$fpl$dretinf)
    x$fpl$drleqf                             0x08004ebc   Section      108  drleqf.o(x$fpl$drleqf)
    x$fpl$drsb                               0x08004f28   Section       22  daddsub_clz.o(x$fpl$drsb)
    x$fpl$dsub                               0x08004f40   Section      468  daddsub_clz.o(x$fpl$dsub)
    _dsub1                                   0x08004f51   Thumb Code     0  daddsub_clz.o(x$fpl$dsub)
    x$fpl$fretinf                            0x08005114   Section       10  fretinf.o(x$fpl$fretinf)
    x$fpl$ieeestatus                         0x0800511e   Section        6  istatus.o(x$fpl$ieeestatus)
    x$fpl$printf1                            0x08005124   Section        4  printf1.o(x$fpl$printf1)
    x$fpl$retnan                             0x08005128   Section      100  retnan.o(x$fpl$retnan)
    x$fpl$scalbn                             0x0800518c   Section       92  scalbn.o(x$fpl$scalbn)
    x$fpl$scanf1                             0x080051e8   Section        4  scanf1.o(x$fpl$scanf1)
    x$fpl$scanf2                             0x080051ec   Section        8  scanf2.o(x$fpl$scanf2)
    x$fpl$trapveneer                         0x080051f4   Section       48  trapv.o(x$fpl$trapveneer)
    .constdata                               0x08005224   Section     3715  lq_oled096.o(.constdata)
    x$fpl$usenofp                            0x08005224   Section        0  usenofp.o(x$fpl$usenofp)
    .constdata                               0x080060a7   Section       24  system_stm32f1xx.o(.constdata)
    .constdata                               0x080060bf   Section       17  __printf_flags_wp.o(.constdata)
    maptable                                 0x080060bf   Data          17  __printf_flags_wp.o(.constdata)
    .constdata                               0x080060d0   Section      148  bigflt0.o(.constdata)
    tenpwrs_x                                0x080060d0   Data          60  bigflt0.o(.constdata)
    tenpwrs_i                                0x0800610c   Data          64  bigflt0.o(.constdata)
    c$$dinf                                  0x08006184   Section        8  fpconst.o(c$$dinf)
    c$$dmax                                  0x0800618c   Section        8  fpconst.o(c$$dmax)
    locale$$data                             0x08006194   Section       28  lc_numeric_c.o(locale$$data)
    __lcnum_c_name                           0x08006198   Data           2  lc_numeric_c.o(locale$$data)
    __lcnum_c_start                          0x080061a0   Data           0  lc_numeric_c.o(locale$$data)
    __lcnum_c_point                          0x080061ac   Data           0  lc_numeric_c.o(locale$$data)
    __lcnum_c_thousands                      0x080061ae   Data           0  lc_numeric_c.o(locale$$data)
    __lcnum_c_grouping                       0x080061af   Data           0  lc_numeric_c.o(locale$$data)
    locale$$data                             0x080061b0   Section      272  lc_ctype_c.o(locale$$data)
    __lcnum_c_end                            0x080061b0   Data           0  lc_numeric_c.o(locale$$data)
    __lcctype_c_name                         0x080061b4   Data           2  lc_ctype_c.o(locale$$data)
    __lcctype_c_start                        0x080061bc   Data           0  lc_ctype_c.o(locale$$data)
    __lcctype_c_end                          0x080062c0   Data           0  lc_ctype_c.o(locale$$data)
    .data                                    0x20000000   Section       32  main.o(.data)
    .data                                    0x20000020   Section        4  delay.o(.data)
    fac_us                                   0x20000020   Data           4  delay.o(.data)
    .data                                    0x20000024   Section       14  lq_usart.o(.data)
    .data                                    0x20000034   Section        4  system_stm32f1xx.o(.data)
    .data                                    0x20000038   Section        9  stm32f1xx_hal.o(.data)
    .bss                                     0x20000044   Section       32  main.o(.bss)
    .bss                                     0x20000064   Section     1352  lq_usart.o(.bss)
    .bss                                     0x200005ac   Section       64  lq_tim.o(.bss)
    .bss                                     0x200005ec   Section       92  lq_motor.o(.bss)
    .bss                                     0x20000648   Section       96  libspace.o(.bss)
    HEAP                                     0x200006a8   Section      512  startup_stm32f103xe.o(HEAP)
    Heap_Mem                                 0x200006a8   Data         512  startup_stm32f103xe.o(HEAP)
    STACK                                    0x200008a8   Section     1024  startup_stm32f103xe.o(STACK)
    Stack_Mem                                0x200008a8   Data        1024  startup_stm32f103xe.o(STACK)
    __initial_sp                             0x20000ca8   Data           0  startup_stm32f103xe.o(STACK)

    Global Symbols

    Symbol Name                              Value     Ov Type        Size  Object(Section)

    BuildAttributes$$THM_ISAv4$P$D$K$B$S$PE$A:L22UL41UL21$X:L11$S22US41US21$IEEE1$IW$USESV6$~STKCKD$USESV7$~SHL$OTIME$ROPI$IEEEX$EBA8$UX$STANDARDLIB$REQ8$PRES8$EABIv2 0x00000000   Number         0  anon$$obj.o ABSOLUTE
    __ARM_use_no_argv                        0x00000000   Number         0  main.o ABSOLUTE
    _printf_flags                            0x00000000   Number         0  printf_stubs.o ABSOLUTE
    _printf_return_value                     0x00000000   Number         0  printf_stubs.o ABSOLUTE
    _printf_sizespec                         0x00000000   Number         0  printf_stubs.o ABSOLUTE
    _printf_widthprec                        0x00000000   Number         0  printf_stubs.o ABSOLUTE
    __ARM_exceptions_init                     - Undefined Weak Reference
    __alloca_initialize                       - Undefined Weak Reference
    __arm_fini_                               - Undefined Weak Reference
    __arm_preinit_                            - Undefined Weak Reference
    __cpp_initialize__aeabi_                  - Undefined Weak Reference
    __cxa_finalize                            - Undefined Weak Reference
    __sigvec_lookup                           - Undefined Weak Reference
    _atexit_init                              - Undefined Weak Reference
    _call_atexit_fns                          - Undefined Weak Reference
    _clock_init                               - Undefined Weak Reference
    _fp_trap_init                             - Undefined Weak Reference
    _fp_trap_shutdown                         - Undefined Weak Reference
    _get_lc_collate                           - Undefined Weak Reference
    _get_lc_monetary                          - Undefined Weak Reference
    _get_lc_time                              - Undefined Weak Reference
    _getenv_init                              - Undefined Weak Reference
    _handle_redirection                       - Undefined Weak Reference
    _init_alloc                               - Undefined Weak Reference
    _init_user_alloc                          - Undefined Weak Reference
    _initio                                   - Undefined Weak Reference
    _mutex_acquire                            - Undefined Weak Reference
    _mutex_release                            - Undefined Weak Reference
    _printf_mbtowc                            - Undefined Weak Reference
    _printf_truncate_signed                   - Undefined Weak Reference
    _printf_truncate_unsigned                 - Undefined Weak Reference
    _rand_init                                - Undefined Weak Reference
    _signal_finish                            - Undefined Weak Reference
    _signal_init                              - Undefined Weak Reference
    _terminate_alloc                          - Undefined Weak Reference
    _terminate_user_alloc                     - Undefined Weak Reference
    _terminateio                              - Undefined Weak Reference
    __Vectors_Size                           0x00000130   Number         0  startup_stm32f103xe.o ABSOLUTE
    __Vectors                                0x08000000   Data           4  startup_stm32f103xe.o(RESET)
    __Vectors_End                            0x08000130   Data           0  startup_stm32f103xe.o(RESET)
    __main                                   0x08000131   Thumb Code     8  __main.o(!!!main)
    __scatterload                            0x08000139   Thumb Code     0  __scatter.o(!!!scatter)
    __scatterload_rt2                        0x08000139   Thumb Code    44  __scatter.o(!!!scatter)
    __scatterload_rt2_thumb_only             0x08000139   Thumb Code     0  __scatter.o(!!!scatter)
    __scatterload_null                       0x08000147   Thumb Code     0  __scatter.o(!!!scatter)
    __scatterload_copy                       0x0800016d   Thumb Code    26  __scatter_copy.o(!!handler_copy)
    __scatterload_zeroinit                   0x08000189   Thumb Code    28  __scatter_zi.o(!!handler_zi)
    _printf_f                                0x080001a5   Thumb Code     0  _printf_f.o(.ARM.Collect$$_printf_percent$$00000003)
    _printf_percent                          0x080001a5   Thumb Code     0  _printf_percent.o(.ARM.Collect$$_printf_percent$$00000000)
    _printf_percent_end                      0x080001ab   Thumb Code     0  _printf_percent_end.o(.ARM.Collect$$_printf_percent$$00000017)
    __rt_lib_init                            0x080001af   Thumb Code     0  libinit.o(.ARM.Collect$$libinit$$00000000)
    __rt_lib_init_fp_1                       0x080001b1   Thumb Code     0  libinit2.o(.ARM.Collect$$libinit$$00000002)
    __rt_lib_init_heap_1                     0x080001b1   Thumb Code     0  libinit2.o(.ARM.Collect$$libinit$$0000000A)
    __rt_lib_init_lc_common                  0x080001b1   Thumb Code     0  libinit2.o(.ARM.Collect$$libinit$$0000000F)
    __rt_lib_init_preinit_1                  0x080001b1   Thumb Code     0  libinit2.o(.ARM.Collect$$libinit$$00000004)
    __rt_lib_init_rand_1                     0x080001b1   Thumb Code     0  libinit2.o(.ARM.Collect$$libinit$$0000000E)
    __rt_lib_init_user_alloc_1               0x080001b1   Thumb Code     0  libinit2.o(.ARM.Collect$$libinit$$0000000C)
    __rt_lib_init_lc_collate_1               0x080001b7   Thumb Code     0  libinit2.o(.ARM.Collect$$libinit$$00000011)
    __rt_lib_init_lc_ctype_2                 0x080001b7   Thumb Code     0  libinit2.o(.ARM.Collect$$libinit$$00000012)
    __rt_lib_init_lc_ctype_1                 0x080001c3   Thumb Code     0  libinit2.o(.ARM.Collect$$libinit$$00000013)
    __rt_lib_init_lc_monetary_1              0x080001c3   Thumb Code     0  libinit2.o(.ARM.Collect$$libinit$$00000015)
    __rt_lib_init_lc_numeric_2               0x080001c3   Thumb Code     0  libinit2.o(.ARM.Collect$$libinit$$00000016)
    __rt_lib_init_alloca_1                   0x080001cd   Thumb Code     0  libinit2.o(.ARM.Collect$$libinit$$0000002E)
    __rt_lib_init_argv_1                     0x080001cd   Thumb Code     0  libinit2.o(.ARM.Collect$$libinit$$0000002C)
    __rt_lib_init_atexit_1                   0x080001cd   Thumb Code     0  libinit2.o(.ARM.Collect$$libinit$$0000001B)
    __rt_lib_init_clock_1                    0x080001cd   Thumb Code     0  libinit2.o(.ARM.Collect$$libinit$$00000021)
    __rt_lib_init_cpp_1                      0x080001cd   Thumb Code     0  libinit2.o(.ARM.Collect$$libinit$$00000032)
    __rt_lib_init_exceptions_1               0x080001cd   Thumb Code     0  libinit2.o(.ARM.Collect$$libinit$$00000030)
    __rt_lib_init_fp_trap_1                  0x080001cd   Thumb Code     0  libinit2.o(.ARM.Collect$$libinit$$0000001F)
    __rt_lib_init_getenv_1                   0x080001cd   Thumb Code     0  libinit2.o(.ARM.Collect$$libinit$$00000023)
    __rt_lib_init_lc_numeric_1               0x080001cd   Thumb Code     0  libinit2.o(.ARM.Collect$$libinit$$00000017)
    __rt_lib_init_lc_time_1                  0x080001cd   Thumb Code     0  libinit2.o(.ARM.Collect$$libinit$$00000019)
    __rt_lib_init_return                     0x080001cd   Thumb Code     0  libinit2.o(.ARM.Collect$$libinit$$00000033)
    __rt_lib_init_signal_1                   0x080001cd   Thumb Code     0  libinit2.o(.ARM.Collect$$libinit$$0000001D)
    __rt_lib_init_stdio_1                    0x080001cd   Thumb Code     0  libinit2.o(.ARM.Collect$$libinit$$00000025)
    __rt_lib_shutdown                        0x080001cf   Thumb Code     0  libshutdown.o(.ARM.Collect$$libshutdown$$00000000)
    __rt_lib_shutdown_cpp_1                  0x080001d1   Thumb Code     0  libshutdown2.o(.ARM.Collect$$libshutdown$$00000004)
    __rt_lib_shutdown_fini_1                 0x080001d1   Thumb Code     0  libshutdown2.o(.ARM.Collect$$libshutdown$$00000002)
    __rt_lib_shutdown_fp_trap_1              0x080001d1   Thumb Code     0  libshutdown2.o(.ARM.Collect$$libshutdown$$00000009)
    __rt_lib_shutdown_heap_1                 0x080001d1   Thumb Code     0  libshutdown2.o(.ARM.Collect$$libshutdown$$00000011)
    __rt_lib_shutdown_return                 0x080001d1   Thumb Code     0  libshutdown2.o(.ARM.Collect$$libshutdown$$00000012)
    __rt_lib_shutdown_signal_1               0x080001d1   Thumb Code     0  libshutdown2.o(.ARM.Collect$$libshutdown$$0000000C)
    __rt_lib_shutdown_stdio_1                0x080001d1   Thumb Code     0  libshutdown2.o(.ARM.Collect$$libshutdown$$00000006)
    __rt_lib_shutdown_user_alloc_1           0x080001d1   Thumb Code     0  libshutdown2.o(.ARM.Collect$$libshutdown$$0000000E)
    __rt_entry                               0x080001d3   Thumb Code     0  __rtentry.o(.ARM.Collect$$rtentry$$00000000)
    __rt_entry_presh_1                       0x080001d3   Thumb Code     0  __rtentry2.o(.ARM.Collect$$rtentry$$00000002)
    __rt_entry_sh                            0x080001d3   Thumb Code     0  __rtentry4.o(.ARM.Collect$$rtentry$$00000004)
    __rt_entry_li                            0x080001d9   Thumb Code     0  __rtentry2.o(.ARM.Collect$$rtentry$$0000000A)
    __rt_entry_postsh_1                      0x080001d9   Thumb Code     0  __rtentry2.o(.ARM.Collect$$rtentry$$00000009)
    __rt_entry_main                          0x080001dd   Thumb Code     0  __rtentry2.o(.ARM.Collect$$rtentry$$0000000D)
    __rt_entry_postli_1                      0x080001dd   Thumb Code     0  __rtentry2.o(.ARM.Collect$$rtentry$$0000000C)
    __rt_exit                                0x080001e5   Thumb Code     0  rtexit.o(.ARM.Collect$$rtexit$$00000000)
    __rt_exit_ls                             0x080001e7   Thumb Code     0  rtexit2.o(.ARM.Collect$$rtexit$$00000003)
    __rt_exit_prels_1                        0x080001e7   Thumb Code     0  rtexit2.o(.ARM.Collect$$rtexit$$00000002)
    __rt_exit_exit                           0x080001eb   Thumb Code     0  rtexit2.o(.ARM.Collect$$rtexit$$00000004)
    Reset_Handler                            0x080001f1   Thumb Code     8  startup_stm32f103xe.o(.text)
    ADC1_2_IRQHandler                        0x0800020b   Thumb Code     0  startup_stm32f103xe.o(.text)
    ADC3_IRQHandler                          0x0800020b   Thumb Code     0  startup_stm32f103xe.o(.text)
    CAN1_RX1_IRQHandler                      0x0800020b   Thumb Code     0  startup_stm32f103xe.o(.text)
    CAN1_SCE_IRQHandler                      0x0800020b   Thumb Code     0  startup_stm32f103xe.o(.text)
    DMA1_Channel1_IRQHandler                 0x0800020b   Thumb Code     0  startup_stm32f103xe.o(.text)
    DMA1_Channel2_IRQHandler                 0x0800020b   Thumb Code     0  startup_stm32f103xe.o(.text)
    DMA1_Channel3_IRQHandler                 0x0800020b   Thumb Code     0  startup_stm32f103xe.o(.text)
    DMA1_Channel4_IRQHandler                 0x0800020b   Thumb Code     0  startup_stm32f103xe.o(.text)
    DMA1_Channel5_IRQHandler                 0x0800020b   Thumb Code     0  startup_stm32f103xe.o(.text)
    DMA1_Channel6_IRQHandler                 0x0800020b   Thumb Code     0  startup_stm32f103xe.o(.text)
    DMA1_Channel7_IRQHandler                 0x0800020b   Thumb Code     0  startup_stm32f103xe.o(.text)
    DMA2_Channel1_IRQHandler                 0x0800020b   Thumb Code     0  startup_stm32f103xe.o(.text)
    DMA2_Channel2_IRQHandler                 0x0800020b   Thumb Code     0  startup_stm32f103xe.o(.text)
    DMA2_Channel3_IRQHandler                 0x0800020b   Thumb Code     0  startup_stm32f103xe.o(.text)
    DMA2_Channel4_5_IRQHandler               0x0800020b   Thumb Code     0  startup_stm32f103xe.o(.text)
    EXTI0_IRQHandler                         0x0800020b   Thumb Code     0  startup_stm32f103xe.o(.text)
    EXTI15_10_IRQHandler                     0x0800020b   Thumb Code     0  startup_stm32f103xe.o(.text)
    EXTI1_IRQHandler                         0x0800020b   Thumb Code     0  startup_stm32f103xe.o(.text)
    EXTI2_IRQHandler                         0x0800020b   Thumb Code     0  startup_stm32f103xe.o(.text)
    EXTI3_IRQHandler                         0x0800020b   Thumb Code     0  startup_stm32f103xe.o(.text)
    EXTI4_IRQHandler                         0x0800020b   Thumb Code     0  startup_stm32f103xe.o(.text)
    FLASH_IRQHandler                         0x0800020b   Thumb Code     0  startup_stm32f103xe.o(.text)
    FSMC_IRQHandler                          0x0800020b   Thumb Code     0  startup_stm32f103xe.o(.text)
    I2C1_ER_IRQHandler                       0x0800020b   Thumb Code     0  startup_stm32f103xe.o(.text)
    I2C1_EV_IRQHandler                       0x0800020b   Thumb Code     0  startup_stm32f103xe.o(.text)
    I2C2_ER_IRQHandler                       0x0800020b   Thumb Code     0  startup_stm32f103xe.o(.text)
    I2C2_EV_IRQHandler                       0x0800020b   Thumb Code     0  startup_stm32f103xe.o(.text)
    PVD_IRQHandler                           0x0800020b   Thumb Code     0  startup_stm32f103xe.o(.text)
    RCC_IRQHandler                           0x0800020b   Thumb Code     0  startup_stm32f103xe.o(.text)
    RTC_Alarm_IRQHandler                     0x0800020b   Thumb Code     0  startup_stm32f103xe.o(.text)
    RTC_IRQHandler                           0x0800020b   Thumb Code     0  startup_stm32f103xe.o(.text)
    SDIO_IRQHandler                          0x0800020b   Thumb Code     0  startup_stm32f103xe.o(.text)
    SPI1_IRQHandler                          0x0800020b   Thumb Code     0  startup_stm32f103xe.o(.text)
    SPI2_IRQHandler                          0x0800020b   Thumb Code     0  startup_stm32f103xe.o(.text)
    SPI3_IRQHandler                          0x0800020b   Thumb Code     0  startup_stm32f103xe.o(.text)
    TAMPER_IRQHandler                        0x0800020b   Thumb Code     0  startup_stm32f103xe.o(.text)
    TIM1_BRK_IRQHandler                      0x0800020b   Thumb Code     0  startup_stm32f103xe.o(.text)
    TIM1_CC_IRQHandler                       0x0800020b   Thumb Code     0  startup_stm32f103xe.o(.text)
    TIM1_TRG_COM_IRQHandler                  0x0800020b   Thumb Code     0  startup_stm32f103xe.o(.text)
    TIM1_UP_IRQHandler                       0x0800020b   Thumb Code     0  startup_stm32f103xe.o(.text)
    TIM5_IRQHandler                          0x0800020b   Thumb Code     0  startup_stm32f103xe.o(.text)
    TIM6_IRQHandler                          0x0800020b   Thumb Code     0  startup_stm32f103xe.o(.text)
    TIM7_IRQHandler                          0x0800020b   Thumb Code     0  startup_stm32f103xe.o(.text)
    TIM8_BRK_IRQHandler                      0x0800020b   Thumb Code     0  startup_stm32f103xe.o(.text)
    TIM8_CC_IRQHandler                       0x0800020b   Thumb Code     0  startup_stm32f103xe.o(.text)
    TIM8_TRG_COM_IRQHandler                  0x0800020b   Thumb Code     0  startup_stm32f103xe.o(.text)
    TIM8_UP_IRQHandler                       0x0800020b   Thumb Code     0  startup_stm32f103xe.o(.text)
    UART4_IRQHandler                         0x0800020b   Thumb Code     0  startup_stm32f103xe.o(.text)
    UART5_IRQHandler                         0x0800020b   Thumb Code     0  startup_stm32f103xe.o(.text)
    USART1_IRQHandler                        0x0800020b   Thumb Code     0  startup_stm32f103xe.o(.text)
    USBWakeUp_IRQHandler                     0x0800020b   Thumb Code     0  startup_stm32f103xe.o(.text)
    USB_HP_CAN1_TX_IRQHandler                0x0800020b   Thumb Code     0  startup_stm32f103xe.o(.text)
    USB_LP_CAN1_RX0_IRQHandler               0x0800020b   Thumb Code     0  startup_stm32f103xe.o(.text)
    WWDG_IRQHandler                          0x0800020b   Thumb Code     0  startup_stm32f103xe.o(.text)
    __user_initial_stackheap                 0x0800020d   Thumb Code     0  startup_stm32f103xe.o(.text)
    __use_no_semihosting                     0x08000231   Thumb Code     2  use_no_semi_2.o(.text)
    __2printf                                0x08000235   Thumb Code    20  noretval__2printf.o(.text)
    __2sprintf                               0x0800024d   Thumb Code    34  noretval__2sprintf.o(.text)
    __printf                                 0x08000275   Thumb Code   308  __printf_flags_wp.o(.text)
    strlen                                   0x080003ad   Thumb Code    62  strlen.o(.text)
    __aeabi_memclr4                          0x080003eb   Thumb Code     0  rt_memclr_w.o(.text)
    __aeabi_memclr8                          0x080003eb   Thumb Code     0  rt_memclr_w.o(.text)
    __rt_memclr_w                            0x080003eb   Thumb Code    78  rt_memclr_w.o(.text)
    _memset_w                                0x080003ef   Thumb Code     0  rt_memclr_w.o(.text)
    __use_two_region_memory                  0x08000439   Thumb Code     2  heapauxi.o(.text)
    __rt_heap_escrow$2region                 0x0800043b   Thumb Code     2  heapauxi.o(.text)
    __rt_heap_expand$2region                 0x0800043d   Thumb Code     2  heapauxi.o(.text)
    __I$use$semihosting                      0x0800043f   Thumb Code     0  use_no_semi.o(.text)
    __use_no_semihosting_swi                 0x0800043f   Thumb Code     2  use_no_semi.o(.text)
    __read_errno                             0x08000441   Thumb Code    10  _rserrno.o(.text)
    __set_errno                              0x0800044b   Thumb Code    12  _rserrno.o(.text)
    __lib_sel_fp_printf                      0x08000457   Thumb Code     2  _printf_fp_dec.o(.text)
    _printf_fp_dec_real                      0x08000609   Thumb Code   620  _printf_fp_dec.o(.text)
    _printf_char_common                      0x0800087f   Thumb Code    32  _printf_char_common.o(.text)
    _sputc                                   0x080008a5   Thumb Code    10  _sputc.o(.text)
    _printf_char_file                        0x080008b1   Thumb Code    32  _printf_char_file.o(.text)
    __strtod_int                             0x08000911   Thumb Code    90  strtod.o(.text)
    __rt_locale                              0x08000979   Thumb Code     8  rt_locale_intlibspace.o(.text)
    __aeabi_errno_addr                       0x08000981   Thumb Code     8  rt_errno_addr_intlibspace.o(.text)
    __errno$intlibspace                      0x08000981   Thumb Code     0  rt_errno_addr_intlibspace.o(.text)
    __rt_errno_addr$intlibspace              0x08000981   Thumb Code     0  rt_errno_addr_intlibspace.o(.text)
    _ll_udiv10                               0x08000989   Thumb Code   138  lludiv10.o(.text)
    isspace                                  0x08000a13   Thumb Code    18  isspace.o(.text)
    _printf_fp_infnan                        0x08000a25   Thumb Code   112  _printf_fp_infnan.o(.text)
    _sgetc                                   0x08000aa5   Thumb Code    30  _sgetc.o(.text)
    _sbackspace                              0x08000ac3   Thumb Code    34  _sgetc.o(.text)
    _btod_etento                             0x08000ae5   Thumb Code   224  bigflt0.o(.text)
    ferror                                   0x08000bc9   Thumb Code     8  ferror.o(.text)
    __user_libspace                          0x08000bd1   Thumb Code     8  libspace.o(.text)
    __user_perproc_libspace                  0x08000bd1   Thumb Code     0  libspace.o(.text)
    __user_perthread_libspace                0x08000bd1   Thumb Code     0  libspace.o(.text)
    __user_setup_stackheap                   0x08000bd9   Thumb Code    74  sys_stackheap_outer.o(.text)
    __rt_ctype_table                         0x08000c25   Thumb Code    16  rt_ctype_table.o(.text)
    _scanf_really_real                       0x08000e81   Thumb Code   684  scanf_fp.o(.text)
    exit                                     0x0800112d   Thumb Code    18  exit.o(.text)
    strcmp                                   0x08001141   Thumb Code   128  strcmpv7m.o(.text)
    _scanf_really_hex_real                   0x080011c1   Thumb Code   786  scanf_hexfp.o(.text)
    _scanf_really_infnan                     0x080014e1   Thumb Code   292  scanf_infnan.o(.text)
    __aeabi_llsl                             0x08001615   Thumb Code     0  llshl.o(.text)
    _ll_shift_l                              0x08001615   Thumb Code    38  llshl.o(.text)
    _chval                                   0x0800163b   Thumb Code    28  _chval.o(.text)
    _btod_d2e                                0x08001657   Thumb Code    62  btod.o(CL$$btod_d2e)
    _d2e_denorm_low                          0x08001695   Thumb Code    70  btod.o(CL$$btod_d2e_denorm_low)
    _d2e_norm_op1                            0x080016db   Thumb Code    96  btod.o(CL$$btod_d2e_norm_op1)
    __btod_div_common                        0x0800173b   Thumb Code   696  btod.o(CL$$btod_div_common)
    _e2d                                     0x08001a75   Thumb Code   122  btod.o(CL$$btod_e2d)
    _e2e                                     0x08001af9   Thumb Code   220  btod.o(CL$$btod_e2e)
    _btod_ediv                               0x08001bd5   Thumb Code    42  btod.o(CL$$btod_ediv)
    _btod_edivd                              0x08001bff   Thumb Code    42  btod.o(CL$$btod_edivd)
    _btod_emul                               0x08001c29   Thumb Code    42  btod.o(CL$$btod_emul)
    _btod_emuld                              0x08001c53   Thumb Code    42  btod.o(CL$$btod_emuld)
    __btod_mult_common                       0x08001c7d   Thumb Code   580  btod.o(CL$$btod_mult_common)
    BusFault_Handler                         0x08001ec1   Thumb Code     4  stm32f1xx_it.o(i.BusFault_Handler)
    DebugMon_Handler                         0x08001ec5   Thumb Code     2  stm32f1xx_it.o(i.DebugMon_Handler)
    EXTI9_5_IRQHandler                       0x08001ec7   Thumb Code    10  lq_exti.o(i.EXTI9_5_IRQHandler)
    HAL_DMA_Abort_IT                         0x08001ed1   Thumb Code   414  stm32f1xx_hal_dma.o(i.HAL_DMA_Abort_IT)
    HAL_GPIO_EXTI_Callback                   0x08002079   Thumb Code    12  lq_exti.o(i.HAL_GPIO_EXTI_Callback)
    HAL_GPIO_EXTI_IRQHandler                 0x08002085   Thumb Code    24  stm32f1xx_hal_gpio.o(i.HAL_GPIO_EXTI_IRQHandler)
    HAL_GPIO_Init                            0x080020a1   Thumb Code   792  stm32f1xx_hal_gpio.o(i.HAL_GPIO_Init)
    HAL_GPIO_ReadPin                         0x080023e1   Thumb Code    16  stm32f1xx_hal_gpio.o(i.HAL_GPIO_ReadPin)
    HAL_GPIO_WritePin                        0x080023f1   Thumb Code    12  stm32f1xx_hal_gpio.o(i.HAL_GPIO_WritePin)
    HAL_GetTick                              0x080023fd   Thumb Code     6  stm32f1xx_hal.o(i.HAL_GetTick)
    HAL_IncTick                              0x08002409   Thumb Code    16  stm32f1xx_hal.o(i.HAL_IncTick)
    HAL_Init                                 0x08002421   Thumb Code    34  stm32f1xx_hal.o(i.HAL_Init)
    HAL_InitTick                             0x08002449   Thumb Code    64  stm32f1xx_hal.o(i.HAL_InitTick)
    HAL_MspInit                              0x08002495   Thumb Code     2  stm32f1xx_hal_msp.o(i.HAL_MspInit)
    HAL_NVIC_EnableIRQ                       0x08002497   Thumb Code    32  stm32f1xx_hal_cortex.o(i.HAL_NVIC_EnableIRQ)
    HAL_NVIC_SetPriority                     0x080024b7   Thumb Code   124  stm32f1xx_hal_cortex.o(i.HAL_NVIC_SetPriority)
    HAL_NVIC_SetPriorityGrouping             0x08002535   Thumb Code    32  stm32f1xx_hal_cortex.o(i.HAL_NVIC_SetPriorityGrouping)
    HAL_RCC_ClockConfig                      0x0800255d   Thumb Code   376  stm32f1xx_hal_rcc.o(i.HAL_RCC_ClockConfig)
    HAL_RCC_GetHCLKFreq                      0x080026e9   Thumb Code     6  stm32f1xx_hal_rcc.o(i.HAL_RCC_GetHCLKFreq)
    HAL_RCC_GetPCLK1Freq                     0x080026f5   Thumb Code    22  stm32f1xx_hal_rcc.o(i.HAL_RCC_GetPCLK1Freq)
    HAL_RCC_GetPCLK2Freq                     0x08002715   Thumb Code    22  stm32f1xx_hal_rcc.o(i.HAL_RCC_GetPCLK2Freq)
    HAL_RCC_GetSysClockFreq                  0x08002735   Thumb Code   116  stm32f1xx_hal_rcc.o(i.HAL_RCC_GetSysClockFreq)
    HAL_RCC_OscConfig                        0x080027c9   Thumb Code  1114  stm32f1xx_hal_rcc.o(i.HAL_RCC_OscConfig)
    HAL_SYSTICK_CLKSourceConfig              0x08002c2d   Thumb Code    40  stm32f1xx_hal_cortex.o(i.HAL_SYSTICK_CLKSourceConfig)
    HAL_SYSTICK_Config                       0x08002c55   Thumb Code    52  stm32f1xx_hal_cortex.o(i.HAL_SYSTICK_Config)
    HAL_TIMEx_BreakCallback                  0x08002c89   Thumb Code     2  stm32f1xx_hal_tim_ex.o(i.HAL_TIMEx_BreakCallback)
    HAL_TIMEx_CommutCallback                 0x08002c8b   Thumb Code     2  stm32f1xx_hal_tim_ex.o(i.HAL_TIMEx_CommutCallback)
    HAL_TIM_Base_Start_IT                    0x08002c8d   Thumb Code    42  stm32f1xx_hal_tim.o(i.HAL_TIM_Base_Start_IT)
    HAL_TIM_IC_CaptureCallback               0x08002cb7   Thumb Code     2  stm32f1xx_hal_tim.o(i.HAL_TIM_IC_CaptureCallback)
    HAL_TIM_IRQHandler                       0x08002cb9   Thumb Code   406  stm32f1xx_hal_tim.o(i.HAL_TIM_IRQHandler)
    HAL_TIM_OC_DelayElapsedCallback          0x08002e4f   Thumb Code     2  stm32f1xx_hal_tim.o(i.HAL_TIM_OC_DelayElapsedCallback)
    HAL_TIM_PWM_ConfigChannel                0x08002e51   Thumb Code   264  stm32f1xx_hal_tim.o(i.HAL_TIM_PWM_ConfigChannel)
    HAL_TIM_PWM_Init                         0x08002f59   Thumb Code    52  stm32f1xx_hal_tim.o(i.HAL_TIM_PWM_Init)
    HAL_TIM_PWM_MspInit                      0x08002f8d   Thumb Code     2  stm32f1xx_hal_tim.o(i.HAL_TIM_PWM_MspInit)
    HAL_TIM_PWM_PulseFinishedCallback        0x08002f8f   Thumb Code     2  stm32f1xx_hal_tim.o(i.HAL_TIM_PWM_PulseFinishedCallback)
    HAL_TIM_PWM_Start                        0x08002f91   Thumb Code    80  stm32f1xx_hal_tim.o(i.HAL_TIM_PWM_Start)
    HAL_TIM_PWM_Start_IT                     0x08002fe9   Thumb Code   156  stm32f1xx_hal_tim.o(i.HAL_TIM_PWM_Start_IT)
    HAL_TIM_PeriodElapsedCallback            0x0800308d   Thumb Code    18  lq_tim.o(i.HAL_TIM_PeriodElapsedCallback)
    HAL_TIM_TriggerCallback                  0x080030a5   Thumb Code     2  stm32f1xx_hal_tim.o(i.HAL_TIM_TriggerCallback)
    HAL_UART_ErrorCallback                   0x080030a7   Thumb Code     2  stm32f1xx_hal_uart.o(i.HAL_UART_ErrorCallback)
    HAL_UART_IRQHandler                      0x080030a9   Thumb Code   326  stm32f1xx_hal_uart.o(i.HAL_UART_IRQHandler)
    HAL_UART_Init                            0x080031f5   Thumb Code   114  stm32f1xx_hal_uart.o(i.HAL_UART_Init)
    HAL_UART_MspInit                         0x08003269   Thumb Code   300  lq_usart.o(i.HAL_UART_MspInit)
    HAL_UART_Receive_IT                      0x080033a9   Thumb Code   112  stm32f1xx_hal_uart.o(i.HAL_UART_Receive_IT)
    HAL_UART_RxCpltCallback                  0x08003419   Thumb Code   162  lq_usart.o(i.HAL_UART_RxCpltCallback)
    HAL_UART_Transmit                        0x080034f5   Thumb Code   214  stm32f1xx_hal_uart.o(i.HAL_UART_Transmit)
    HAL_UART_TxCpltCallback                  0x080035cb   Thumb Code     2  stm32f1xx_hal_uart.o(i.HAL_UART_TxCpltCallback)
    HardFault_Handler                        0x080035cd   Thumb Code     4  stm32f1xx_it.o(i.HardFault_Handler)
    JTAG_Set                                 0x080035d1   Thumb Code    38  sys.o(i.JTAG_Set)
    LED_Ctrl                                 0x08003601   Thumb Code    72  lq_led.o(i.LED_Ctrl)
    LED_Init                                 0x0800364d   Thumb Code    72  lq_led.o(i.LED_Init)
    MemManage_Handler                        0x0800369d   Thumb Code     4  stm32f1xx_it.o(i.MemManage_Handler)
    MotorCtrl3w                              0x080036a1   Thumb Code   128  lq_motor.o(i.MotorCtrl3w)
    MotorInit                                0x08003729   Thumb Code   142  lq_motor.o(i.MotorInit)
    NMI_Handler                              0x080037c5   Thumb Code     2  stm32f1xx_it.o(i.NMI_Handler)
    OLED_CLS                                 0x080037c7   Thumb Code    56  lq_oled096.o(i.OLED_CLS)
    OLED_Init                                0x08003801   Thumb Code   320  lq_oled096.o(i.OLED_Init)
    OLED_P8x16Str                            0x0800394d   Thumb Code   130  lq_oled096.o(i.OLED_P8x16Str)
    OLED_Set_Pos                             0x080039d5   Thumb Code    36  lq_oled096.o(i.OLED_Set_Pos)
    OLED_WrCmd                               0x080039f9   Thumb Code   108  lq_oled096.o(i.OLED_WrCmd)
    OLED_WrDat                               0x08003a6d   Thumb Code   108  lq_oled096.o(i.OLED_WrDat)
    PendSV_Handler                           0x08003ae1   Thumb Code     2  stm32f1xx_it.o(i.PendSV_Handler)
    SVC_Handler                              0x08003b0d   Thumb Code     2  stm32f1xx_it.o(i.SVC_Handler)
    SysTick_Handler                          0x08003b0f   Thumb Code     8  stm32f1xx_it.o(i.SysTick_Handler)
    SystemClock_Config                       0x08003b17   Thumb Code   102  delay.o(i.SystemClock_Config)
    SystemInit                               0x08003b7d   Thumb Code    70  system_stm32f1xx.o(i.SystemInit)
    TIM1_PWM_Init                            0x08003bd5   Thumb Code   124  lq_motor.o(i.TIM1_PWM_Init)
    TIM2_IRQHandler                          0x08003c5d   Thumb Code    24  stm32f1xx_it.o(i.TIM2_IRQHandler)
    TIM3_IRQHandler                          0x08003c75   Thumb Code    26  stm32f1xx_it.o(i.TIM3_IRQHandler)
    TIM4_IRQHandler                          0x08003c99   Thumb Code    18  stm32f1xx_it.o(i.TIM4_IRQHandler)
    TIM_Base_SetConfig                       0x08003cb1   Thumb Code   134  stm32f1xx_hal_tim.o(i.TIM_Base_SetConfig)
    TIM_CCxChannelCmd                        0x08003d4d   Thumb Code    34  stm32f1xx_hal_tim.o(i.TIM_CCxChannelCmd)
    TIM_OC2_SetConfig                        0x08003de1   Thumb Code   114  stm32f1xx_hal_tim.o(i.TIM_OC2_SetConfig)
    USART2_IRQHandler                        0x08004299   Thumb Code    10  stm32f1xx_it.o(i.USART2_IRQHandler)
    USART3_IRQHandler                        0x080042a9   Thumb Code    10  stm32f1xx_it.o(i.USART3_IRQHandler)
    UsageFault_Handler                       0x080042b9   Thumb Code     4  stm32f1xx_it.o(i.UsageFault_Handler)
    __ARM_fpclassify                         0x080042bd   Thumb Code    40  fpclassify.o(i.__ARM_fpclassify)
    __mathlib_dbl_overflow                   0x0800431d   Thumb Code    14  dunder.o(i.__mathlib_dbl_overflow)
    __mathlib_dbl_underflow                  0x0800432d   Thumb Code    10  dunder.o(i.__mathlib_dbl_underflow)
    __mathlib_narrow                         0x0800433d   Thumb Code    16  narrow.o(i.__mathlib_narrow)
    __mathlib_tofloat                        0x0800434d   Thumb Code   184  narrow.o(i.__mathlib_tofloat)
    __support_ldexp                          0x08004409   Thumb Code    22  ldexp.o(i.__support_ldexp)
    _is_digit                                0x0800441f   Thumb Code    14  __printf_wp.o(i._is_digit)
    _sys_exit                                0x0800442d   Thumb Code     4  lq_usart.o(i._sys_exit)
    atof                                     0x08004431   Thumb Code    42  atof.o(i.atof)
    delay_init                               0x0800445d   Thumb Code    16  delay.o(i.delay_init)
    delay_ms                                 0x08004471   Thumb Code    24  delay.o(i.delay_ms)
    delay_us                                 0x08004489   Thumb Code    68  delay.o(i.delay_us)
    fputc                                    0x080044d1   Thumb Code    24  lq_usart.o(i.fputc)
    frexp                                    0x080044ed   Thumb Code    80  frexp.o(i.frexp)
    ldexp                                    0x08004545   Thumb Code   116  ldexp.o(i.ldexp)
    lq_oled_short_delay                      0x080045b9   Thumb Code    14  lq_oled096.o(i.lq_oled_short_delay)
    main                                     0x080045c9   Thumb Code   532  main.o(i.main)
    uart_SendBuf                             0x08004875   Thumb Code    64  lq_usart.o(i.uart_SendBuf)
    uart_init                                0x080048c5   Thumb Code   100  lq_usart.o(i.uart_init)
    _get_lc_numeric                          0x0800493d   Thumb Code    44  lc_numeric_c.o(locale$$code)
    _get_lc_ctype                            0x08004969   Thumb Code    44  lc_ctype_c.o(locale$$code)
    __aeabi_d2f                              0x08004995   Thumb Code     0  d2f.o(x$fpl$d2f)
    _d2f                                     0x08004995   Thumb Code    98  d2f.o(x$fpl$d2f)
    __aeabi_dadd                             0x080049f9   Thumb Code     0  daddsub_clz.o(x$fpl$dadd)
    _dadd                                    0x080049f9   Thumb Code   332  daddsub_clz.o(x$fpl$dadd)
    __fpl_dcheck_NaN1                        0x08004b49   Thumb Code    10  dcheck1.o(x$fpl$dcheck1)
    __fpl_dcmp_Inf                           0x08004b59   Thumb Code    24  dcmpi.o(x$fpl$dcmpinf)
    __aeabi_cdcmpeq                          0x08004b71   Thumb Code     0  deqf.o(x$fpl$deqf)
    _dcmpeq                                  0x08004b71   Thumb Code   120  deqf.o(x$fpl$deqf)
    __aeabi_d2iz                             0x08004be9   Thumb Code     0  dfix.o(x$fpl$dfix)
    _dfix                                    0x08004be9   Thumb Code    94  dfix.o(x$fpl$dfix)
    __aeabi_cdcmple                          0x08004c49   Thumb Code     0  dleqf.o(x$fpl$dleqf)
    _dcmple                                  0x08004c49   Thumb Code   120  dleqf.o(x$fpl$dleqf)
    __fpl_dcmple_InfNaN                      0x08004cab   Thumb Code     0  dleqf.o(x$fpl$dleqf)
    __aeabi_dmul                             0x08004cc1   Thumb Code     0  dmul.o(x$fpl$dmul)
    _dmul                                    0x08004cc1   Thumb Code   332  dmul.o(x$fpl$dmul)
    __fpl_dnaninf                            0x08004e15   Thumb Code   156  dnaninf.o(x$fpl$dnaninf)
    __fpl_dretinf                            0x08004eb1   Thumb Code    12  dretinf.o(x$fpl$dretinf)
    __aeabi_cdrcmple                         0x08004ebd   Thumb Code     0  drleqf.o(x$fpl$drleqf)
    _drcmple                                 0x08004ebd   Thumb Code   108  drleqf.o(x$fpl$drleqf)
    __aeabi_drsub                            0x08004f29   Thumb Code     0  daddsub_clz.o(x$fpl$drsb)
    _drsb                                    0x08004f29   Thumb Code    22  daddsub_clz.o(x$fpl$drsb)
    __aeabi_dsub                             0x08004f41   Thumb Code     0  daddsub_clz.o(x$fpl$dsub)
    _dsub                                    0x08004f41   Thumb Code   464  daddsub_clz.o(x$fpl$dsub)
    __fpl_fretinf                            0x08005115   Thumb Code    10  fretinf.o(x$fpl$fretinf)
    __ieee_status                            0x0800511f   Thumb Code     6  istatus.o(x$fpl$ieeestatus)
    _printf_fp_dec                           0x08005125   Thumb Code     4  printf1.o(x$fpl$printf1)
    __fpl_return_NaN                         0x08005129   Thumb Code   100  retnan.o(x$fpl$retnan)
    __ARM_scalbn                             0x0800518d   Thumb Code    92  scalbn.o(x$fpl$scalbn)
    _scanf_real                              0x080051e9   Thumb Code     4  scanf1.o(x$fpl$scanf1)
    _scanf_hex_real                          0x080051ed   Thumb Code     4  scanf2.o(x$fpl$scanf2)
    _scanf_infnan                            0x080051f1   Thumb Code     4  scanf2.o(x$fpl$scanf2)
    __fpl_cmpreturn                          0x080051f5   Thumb Code    48  trapv.o(x$fpl$trapveneer)
    F6x8                                     0x08005224   Data         552  lq_oled096.o(.constdata)
    __I$use$fp                               0x08005224   Number         0  usenofp.o(x$fpl$usenofp)
    F14x16_Idx                               0x0800544c   Data          55  lq_oled096.o(.constdata)
    F14x16                                   0x08005483   Data         756  lq_oled096.o(.constdata)
    F8X16                                    0x08005777   Data        1520  lq_oled096.o(.constdata)
    longqiu104x64                            0x08005d67   Data         832  lq_oled096.o(.constdata)
    AHBPrescTable                            0x080060a7   Data          16  system_stm32f1xx.o(.constdata)
    APBPrescTable                            0x080060b7   Data           8  system_stm32f1xx.o(.constdata)
    Region$$Table$$Base                      0x08006164   Number         0  anon$$obj.o(Region$$Table)
    Region$$Table$$Limit                     0x08006184   Number         0  anon$$obj.o(Region$$Table)
    __aeabi_HUGE_VAL                         0x08006184   Data           0  fpconst.o(c$$dinf)
    __aeabi_HUGE_VALL                        0x08006184   Data           0  fpconst.o(c$$dinf)
    __aeabi_INFINITY                         0x08006184   Data           0  fpconst.o(c$$dinf)
    __dInf                                   0x08006184   Data           0  fpconst.o(c$$dinf)
    __huge_val                               0x08006184   Data           0  fpconst.o(c$$dinf)
    __dbl_max                                0x0800618c   Data           0  fpconst.o(c$$dmax)
    __ctype                                  0x080061bd   Data           0  lc_ctype_c.o(locale$$data)
    x_error                                  0x20000000   Data           8  main.o(.data)
    duty1                                    0x20000008   Data           4  main.o(.data)
    duty2                                    0x2000000c   Data           4  main.o(.data)
    duty3                                    0x20000010   Data           4  main.o(.data)
    duty                                     0x20000014   Data           4  main.o(.data)
    k                                        0x20000018   Data           8  main.o(.data)
    __stdout                                 0x20000024   Data           4  lq_usart.o(.data)
    USART_RX_STA                             0x20000028   Data           2  lq_usart.o(.data)
    aRxBuffer                                0x2000002a   Data           1  lq_usart.o(.data)
    num2                                     0x2000002c   Data           2  lq_usart.o(.data)
    num3                                     0x2000002e   Data           2  lq_usart.o(.data)
    receive_oneline2                         0x20000030   Data           1  lq_usart.o(.data)
    receive_oneline3                         0x20000031   Data           1  lq_usart.o(.data)
    SystemCoreClock                          0x20000034   Data           4  system_stm32f1xx.o(.data)
    uwTick                                   0x20000038   Data           4  stm32f1xx_hal.o(.data)
    uwTickPrio                               0x2000003c   Data           4  stm32f1xx_hal.o(.data)
    uwTickFreq                               0x20000040   Data           1  stm32f1xx_hal.o(.data)
    txt                                      0x20000044   Data          32  main.o(.bss)
    USART_RX_BUF                             0x20000064   Data         200  lq_usart.o(.bss)
    USART2_Handler                           0x2000012c   Data          64  lq_usart.o(.bss)
    USART3_Handler                           0x2000016c   Data          64  lq_usart.o(.bss)
    ReadBuff                                 0x200001ac   Data        1024  lq_usart.o(.bss)
    TIM3_Handler                             0x200005ac   Data          64  lq_tim.o(.bss)
    TIM1_Handler                             0x200005ec   Data          64  lq_motor.o(.bss)
    TIM1_CH1Handler                          0x2000062c   Data          28  lq_motor.o(.bss)
    __libspace_start                         0x20000648   Data          96  libspace.o(.bss)
    __temporary_stack_top$libspace           0x200006a8   Data           0  libspace.o(.bss)



==============================================================================

Memory Map of the image

  Image Entry point : 0x08000131

  Load Region LR_IROM1 (Base: 0x08000000, Size: 0x00006304, Max: 0x00010000, ABSOLUTE)

    Execution Region ER_IROM1 (Exec base: 0x08000000, Load base: 0x08000000, Size: 0x000062c0, Max: 0x00010000, ABSOLUTE)

    Exec Addr    Load Addr    Size         Type   Attr      Idx    E Section Name        Object

    0x08000000   0x08000000   0x00000130   Data   RO         1615    RESET               startup_stm32f103xe.o
    0x08000130   0x08000130   0x00000008   Code   RO         9436  * !!!main             c_w.l(__main.o)
    0x08000138   0x08000138   0x00000034   Code   RO         9849    !!!scatter          c_w.l(__scatter.o)
    0x0800016c   0x0800016c   0x0000001a   Code   RO         9851    !!handler_copy      c_w.l(__scatter_copy.o)
    0x08000186   0x08000186   0x00000002   PAD
    0x08000188   0x08000188   0x0000001c   Code   RO         9853    !!handler_zi        c_w.l(__scatter_zi.o)
    0x080001a4   0x080001a4   0x00000000   Code   RO         9423    .ARM.Collect$$_printf_percent$$00000000  c_w.l(_printf_percent.o)
    0x080001a4   0x080001a4   0x00000006   Code   RO         9422    .ARM.Collect$$_printf_percent$$00000003  c_w.l(_printf_f.o)
    0x080001aa   0x080001aa   0x00000004   Code   RO         9545    .ARM.Collect$$_printf_percent$$00000017  c_w.l(_printf_percent_end.o)
    0x080001ae   0x080001ae   0x00000002   Code   RO         9677    .ARM.Collect$$libinit$$00000000  c_w.l(libinit.o)
    0x080001b0   0x080001b0   0x00000000   Code   RO         9679    .ARM.Collect$$libinit$$00000002  c_w.l(libinit2.o)
    0x080001b0   0x080001b0   0x00000000   Code   RO         9681    .ARM.Collect$$libinit$$00000004  c_w.l(libinit2.o)
    0x080001b0   0x080001b0   0x00000000   Code   RO         9684    .ARM.Collect$$libinit$$0000000A  c_w.l(libinit2.o)
    0x080001b0   0x080001b0   0x00000000   Code   RO         9686    .ARM.Collect$$libinit$$0000000C  c_w.l(libinit2.o)
    0x080001b0   0x080001b0   0x00000000   Code   RO         9688    .ARM.Collect$$libinit$$0000000E  c_w.l(libinit2.o)
    0x080001b0   0x080001b0   0x00000006   Code   RO         9689    .ARM.Collect$$libinit$$0000000F  c_w.l(libinit2.o)
    0x080001b6   0x080001b6   0x00000000   Code   RO         9691    .ARM.Collect$$libinit$$00000011  c_w.l(libinit2.o)
    0x080001b6   0x080001b6   0x0000000c   Code   RO         9692    .ARM.Collect$$libinit$$00000012  c_w.l(libinit2.o)
    0x080001c2   0x080001c2   0x00000000   Code   RO         9693    .ARM.Collect$$libinit$$00000013  c_w.l(libinit2.o)
    0x080001c2   0x080001c2   0x00000000   Code   RO         9695    .ARM.Collect$$libinit$$00000015  c_w.l(libinit2.o)
    0x080001c2   0x080001c2   0x0000000a   Code   RO         9696    .ARM.Collect$$libinit$$00000016  c_w.l(libinit2.o)
    0x080001cc   0x080001cc   0x00000000   Code   RO         9697    .ARM.Collect$$libinit$$00000017  c_w.l(libinit2.o)
    0x080001cc   0x080001cc   0x00000000   Code   RO         9699    .ARM.Collect$$libinit$$00000019  c_w.l(libinit2.o)
    0x080001cc   0x080001cc   0x00000000   Code   RO         9701    .ARM.Collect$$libinit$$0000001B  c_w.l(libinit2.o)
    0x080001cc   0x080001cc   0x00000000   Code   RO         9703    .ARM.Collect$$libinit$$0000001D  c_w.l(libinit2.o)
    0x080001cc   0x080001cc   0x00000000   Code   RO         9705    .ARM.Collect$$libinit$$0000001F  c_w.l(libinit2.o)
    0x080001cc   0x080001cc   0x00000000   Code   RO         9707    .ARM.Collect$$libinit$$00000021  c_w.l(libinit2.o)
    0x080001cc   0x080001cc   0x00000000   Code   RO         9709    .ARM.Collect$$libinit$$00000023  c_w.l(libinit2.o)
    0x080001cc   0x080001cc   0x00000000   Code   RO         9711    .ARM.Collect$$libinit$$00000025  c_w.l(libinit2.o)
    0x080001cc   0x080001cc   0x00000000   Code   RO         9715    .ARM.Collect$$libinit$$0000002C  c_w.l(libinit2.o)
    0x080001cc   0x080001cc   0x00000000   Code   RO         9717    .ARM.Collect$$libinit$$0000002E  c_w.l(libinit2.o)
    0x080001cc   0x080001cc   0x00000000   Code   RO         9719    .ARM.Collect$$libinit$$00000030  c_w.l(libinit2.o)
    0x080001cc   0x080001cc   0x00000000   Code   RO         9721    .ARM.Collect$$libinit$$00000032  c_w.l(libinit2.o)
    0x080001cc   0x080001cc   0x00000002   Code   RO         9722    .ARM.Collect$$libinit$$00000033  c_w.l(libinit2.o)
    0x080001ce   0x080001ce   0x00000002   Code   RO         9785    .ARM.Collect$$libshutdown$$00000000  c_w.l(libshutdown.o)
    0x080001d0   0x080001d0   0x00000000   Code   RO         9806    .ARM.Collect$$libshutdown$$00000002  c_w.l(libshutdown2.o)
    0x080001d0   0x080001d0   0x00000000   Code   RO         9808    .ARM.Collect$$libshutdown$$00000004  c_w.l(libshutdown2.o)
    0x080001d0   0x080001d0   0x00000000   Code   RO         9810    .ARM.Collect$$libshutdown$$00000006  c_w.l(libshutdown2.o)
    0x080001d0   0x080001d0   0x00000000   Code   RO         9813    .ARM.Collect$$libshutdown$$00000009  c_w.l(libshutdown2.o)
    0x080001d0   0x080001d0   0x00000000   Code   RO         9816    .ARM.Collect$$libshutdown$$0000000C  c_w.l(libshutdown2.o)
    0x080001d0   0x080001d0   0x00000000   Code   RO         9818    .ARM.Collect$$libshutdown$$0000000E  c_w.l(libshutdown2.o)
    0x080001d0   0x080001d0   0x00000000   Code   RO         9821    .ARM.Collect$$libshutdown$$00000011  c_w.l(libshutdown2.o)
    0x080001d0   0x080001d0   0x00000002   Code   RO         9822    .ARM.Collect$$libshutdown$$00000012  c_w.l(libshutdown2.o)
    0x080001d2   0x080001d2   0x00000000   Code   RO         9530    .ARM.Collect$$rtentry$$00000000  c_w.l(__rtentry.o)
    0x080001d2   0x080001d2   0x00000000   Code   RO         9587    .ARM.Collect$$rtentry$$00000002  c_w.l(__rtentry2.o)
    0x080001d2   0x080001d2   0x00000006   Code   RO         9599    .ARM.Collect$$rtentry$$00000004  c_w.l(__rtentry4.o)
    0x080001d8   0x080001d8   0x00000000   Code   RO         9589    .ARM.Collect$$rtentry$$00000009  c_w.l(__rtentry2.o)
    0x080001d8   0x080001d8   0x00000004   Code   RO         9590    .ARM.Collect$$rtentry$$0000000A  c_w.l(__rtentry2.o)
    0x080001dc   0x080001dc   0x00000000   Code   RO         9592    .ARM.Collect$$rtentry$$0000000C  c_w.l(__rtentry2.o)
    0x080001dc   0x080001dc   0x00000008   Code   RO         9593    .ARM.Collect$$rtentry$$0000000D  c_w.l(__rtentry2.o)
    0x080001e4   0x080001e4   0x00000002   Code   RO         9725    .ARM.Collect$$rtexit$$00000000  c_w.l(rtexit.o)
    0x080001e6   0x080001e6   0x00000000   Code   RO         9753    .ARM.Collect$$rtexit$$00000002  c_w.l(rtexit2.o)
    0x080001e6   0x080001e6   0x00000004   Code   RO         9754    .ARM.Collect$$rtexit$$00000003  c_w.l(rtexit2.o)
    0x080001ea   0x080001ea   0x00000006   Code   RO         9755    .ARM.Collect$$rtexit$$00000004  c_w.l(rtexit2.o)
    0x080001f0   0x080001f0   0x00000040   Code   RO         1616    .text               startup_stm32f103xe.o
    0x08000230   0x08000230   0x00000002   Code   RO         9358    .text               c_w.l(use_no_semi_2.o)
    0x08000232   0x08000232   0x00000002   PAD
    0x08000234   0x08000234   0x00000018   Code   RO         9366    .text               c_w.l(noretval__2printf.o)
    0x0800024c   0x0800024c   0x00000028   Code   RO         9368    .text               c_w.l(noretval__2sprintf.o)
    0x08000274   0x08000274   0x00000138   Code   RO         9411    .text               c_w.l(__printf_flags_wp.o)
    0x080003ac   0x080003ac   0x0000003e   Code   RO         9426    .text               c_w.l(strlen.o)
    0x080003ea   0x080003ea   0x0000004e   Code   RO         9432    .text               c_w.l(rt_memclr_w.o)
    0x08000438   0x08000438   0x00000006   Code   RO         9434    .text               c_w.l(heapauxi.o)
    0x0800043e   0x0800043e   0x00000002   Code   RO         9528    .text               c_w.l(use_no_semi.o)
    0x08000440   0x08000440   0x00000016   Code   RO         9531    .text               c_w.l(_rserrno.o)
    0x08000456   0x08000456   0x0000041e   Code   RO         9535    .text               c_w.l(_printf_fp_dec.o)
    0x08000874   0x08000874   0x00000030   Code   RO         9537    .text               c_w.l(_printf_char_common.o)
    0x080008a4   0x080008a4   0x0000000a   Code   RO         9539    .text               c_w.l(_sputc.o)
    0x080008ae   0x080008ae   0x00000002   PAD
    0x080008b0   0x080008b0   0x00000024   Code   RO         9543    .text               c_w.l(_printf_char_file.o)
    0x080008d4   0x080008d4   0x000000a4   Code   RO         9546    .text               c_w.l(strtod.o)
    0x08000978   0x08000978   0x00000008   Code   RO         9604    .text               c_w.l(rt_locale_intlibspace.o)
    0x08000980   0x08000980   0x00000008   Code   RO         9609    .text               c_w.l(rt_errno_addr_intlibspace.o)
    0x08000988   0x08000988   0x0000008a   Code   RO         9611    .text               c_w.l(lludiv10.o)
    0x08000a12   0x08000a12   0x00000012   Code   RO         9613    .text               c_w.l(isspace.o)
    0x08000a24   0x08000a24   0x00000080   Code   RO         9615    .text               c_w.l(_printf_fp_infnan.o)
    0x08000aa4   0x08000aa4   0x00000040   Code   RO         9619    .text               c_w.l(_sgetc.o)
    0x08000ae4   0x08000ae4   0x000000e4   Code   RO         9621    .text               c_w.l(bigflt0.o)
    0x08000bc8   0x08000bc8   0x00000008   Code   RO         9646    .text               c_w.l(ferror.o)
    0x08000bd0   0x08000bd0   0x00000008   Code   RO         9659    .text               c_w.l(libspace.o)
    0x08000bd8   0x08000bd8   0x0000004a   Code   RO         9662    .text               c_w.l(sys_stackheap_outer.o)
    0x08000c22   0x08000c22   0x00000002   PAD
    0x08000c24   0x08000c24   0x00000010   Code   RO         9664    .text               c_w.l(rt_ctype_table.o)
    0x08000c34   0x08000c34   0x000004f8   Code   RO         9666    .text               c_w.l(scanf_fp.o)
    0x0800112c   0x0800112c   0x00000012   Code   RO         9668    .text               c_w.l(exit.o)
    0x0800113e   0x0800113e   0x00000002   PAD
    0x08001140   0x08001140   0x00000080   Code   RO         9670    .text               c_w.l(strcmpv7m.o)
    0x080011c0   0x080011c0   0x00000320   Code   RO         9759    .text               c_w.l(scanf_hexfp.o)
    0x080014e0   0x080014e0   0x00000134   Code   RO         9761    .text               c_w.l(scanf_infnan.o)
    0x08001614   0x08001614   0x00000026   Code   RO         9775    .text               c_w.l(llshl.o)
    0x0800163a   0x0800163a   0x0000001c   Code   RO         9777    .text               c_w.l(_chval.o)
    0x08001656   0x08001656   0x0000003e   Code   RO         9624    CL$$btod_d2e        c_w.l(btod.o)
    0x08001694   0x08001694   0x00000046   Code   RO         9626    CL$$btod_d2e_denorm_low  c_w.l(btod.o)
    0x080016da   0x080016da   0x00000060   Code   RO         9625    CL$$btod_d2e_norm_op1  c_w.l(btod.o)
    0x0800173a   0x0800173a   0x00000338   Code   RO         9634    CL$$btod_div_common  c_w.l(btod.o)
    0x08001a72   0x08001a72   0x00000002   PAD
    0x08001a74   0x08001a74   0x00000084   Code   RO         9632    CL$$btod_e2d        c_w.l(btod.o)
    0x08001af8   0x08001af8   0x000000dc   Code   RO         9631    CL$$btod_e2e        c_w.l(btod.o)
    0x08001bd4   0x08001bd4   0x0000002a   Code   RO         9628    CL$$btod_ediv       c_w.l(btod.o)
    0x08001bfe   0x08001bfe   0x0000002a   Code   RO         9630    CL$$btod_edivd      c_w.l(btod.o)
    0x08001c28   0x08001c28   0x0000002a   Code   RO         9627    CL$$btod_emul       c_w.l(btod.o)
    0x08001c52   0x08001c52   0x0000002a   Code   RO         9629    CL$$btod_emuld      c_w.l(btod.o)
    0x08001c7c   0x08001c7c   0x00000244   Code   RO         9633    CL$$btod_mult_common  c_w.l(btod.o)
    0x08001ec0   0x08001ec0   0x00000004   Code   RO          272    i.BusFault_Handler  stm32f1xx_it.o
    0x08001ec4   0x08001ec4   0x00000002   Code   RO          273    i.DebugMon_Handler  stm32f1xx_it.o
    0x08001ec6   0x08001ec6   0x0000000a   Code   RO         1439    i.EXTI9_5_IRQHandler  lq_exti.o
    0x08001ed0   0x08001ed0   0x000001a8   Code   RO         2804    i.HAL_DMA_Abort_IT  stm32f1xx_hal_dma.o
    0x08002078   0x08002078   0x0000000c   Code   RO         1440    i.HAL_GPIO_EXTI_Callback  lq_exti.o
    0x08002084   0x08002084   0x0000001c   Code   RO         3198    i.HAL_GPIO_EXTI_IRQHandler  stm32f1xx_hal_gpio.o
    0x080020a0   0x080020a0   0x00000340   Code   RO         3199    i.HAL_GPIO_Init     stm32f1xx_hal_gpio.o
    0x080023e0   0x080023e0   0x00000010   Code   RO         3201    i.HAL_GPIO_ReadPin  stm32f1xx_hal_gpio.o
    0x080023f0   0x080023f0   0x0000000c   Code   RO         3203    i.HAL_GPIO_WritePin  stm32f1xx_hal_gpio.o
    0x080023fc   0x080023fc   0x0000000c   Code   RO         1701    i.HAL_GetTick       stm32f1xx_hal.o
    0x08002408   0x08002408   0x00000018   Code   RO         1707    i.HAL_IncTick       stm32f1xx_hal.o
    0x08002420   0x08002420   0x00000028   Code   RO         1708    i.HAL_Init          stm32f1xx_hal.o
    0x08002448   0x08002448   0x0000004c   Code   RO         1709    i.HAL_InitTick      stm32f1xx_hal.o
    0x08002494   0x08002494   0x00000002   Code   RO         1624    i.HAL_MspInit       stm32f1xx_hal_msp.o
    0x08002496   0x08002496   0x00000020   Code   RO         2394    i.HAL_NVIC_EnableIRQ  stm32f1xx_hal_cortex.o
    0x080024b6   0x080024b6   0x0000007c   Code   RO         2400    i.HAL_NVIC_SetPriority  stm32f1xx_hal_cortex.o
    0x08002532   0x08002532   0x00000002   PAD
    0x08002534   0x08002534   0x00000028   Code   RO         2401    i.HAL_NVIC_SetPriorityGrouping  stm32f1xx_hal_cortex.o
    0x0800255c   0x0800255c   0x0000018c   Code   RO         5279    i.HAL_RCC_ClockConfig  stm32f1xx_hal_rcc.o
    0x080026e8   0x080026e8   0x0000000c   Code   RO         5284    i.HAL_RCC_GetHCLKFreq  stm32f1xx_hal_rcc.o
    0x080026f4   0x080026f4   0x00000020   Code   RO         5286    i.HAL_RCC_GetPCLK1Freq  stm32f1xx_hal_rcc.o
    0x08002714   0x08002714   0x00000020   Code   RO         5287    i.HAL_RCC_GetPCLK2Freq  stm32f1xx_hal_rcc.o
    0x08002734   0x08002734   0x00000094   Code   RO         5288    i.HAL_RCC_GetSysClockFreq  stm32f1xx_hal_rcc.o
    0x080027c8   0x080027c8   0x00000464   Code   RO         5291    i.HAL_RCC_OscConfig  stm32f1xx_hal_rcc.o
    0x08002c2c   0x08002c2c   0x00000028   Code   RO         2403    i.HAL_SYSTICK_CLKSourceConfig  stm32f1xx_hal_cortex.o
    0x08002c54   0x08002c54   0x00000034   Code   RO         2405    i.HAL_SYSTICK_Config  stm32f1xx_hal_cortex.o
    0x08002c88   0x08002c88   0x00000002   Code   RO         7367    i.HAL_TIMEx_BreakCallback  stm32f1xx_hal_tim_ex.o
    0x08002c8a   0x08002c8a   0x00000002   Code   RO         7368    i.HAL_TIMEx_CommutCallback  stm32f1xx_hal_tim_ex.o
    0x08002c8c   0x08002c8c   0x0000002a   Code   RO         6686    i.HAL_TIM_Base_Start_IT  stm32f1xx_hal_tim.o
    0x08002cb6   0x08002cb6   0x00000002   Code   RO         6710    i.HAL_TIM_IC_CaptureCallback  stm32f1xx_hal_tim.o
    0x08002cb8   0x08002cb8   0x00000196   Code   RO         6724    i.HAL_TIM_IRQHandler  stm32f1xx_hal_tim.o
    0x08002e4e   0x08002e4e   0x00000002   Code   RO         6727    i.HAL_TIM_OC_DelayElapsedCallback  stm32f1xx_hal_tim.o
    0x08002e50   0x08002e50   0x00000108   Code   RO         6748    i.HAL_TIM_PWM_ConfigChannel  stm32f1xx_hal_tim.o
    0x08002f58   0x08002f58   0x00000034   Code   RO         6751    i.HAL_TIM_PWM_Init  stm32f1xx_hal_tim.o
    0x08002f8c   0x08002f8c   0x00000002   Code   RO         6753    i.HAL_TIM_PWM_MspInit  stm32f1xx_hal_tim.o
    0x08002f8e   0x08002f8e   0x00000002   Code   RO         6754    i.HAL_TIM_PWM_PulseFinishedCallback  stm32f1xx_hal_tim.o
    0x08002f90   0x08002f90   0x00000058   Code   RO         6756    i.HAL_TIM_PWM_Start  stm32f1xx_hal_tim.o
    0x08002fe8   0x08002fe8   0x000000a4   Code   RO         6758    i.HAL_TIM_PWM_Start_IT  stm32f1xx_hal_tim.o
    0x0800308c   0x0800308c   0x00000018   Code   RO         1482    i.HAL_TIM_PeriodElapsedCallback  lq_tim.o
    0x080030a4   0x080030a4   0x00000002   Code   RO         6767    i.HAL_TIM_TriggerCallback  stm32f1xx_hal_tim.o
    0x080030a6   0x080030a6   0x00000002   Code   RO         7639    i.HAL_UART_ErrorCallback  stm32f1xx_hal_uart.o
    0x080030a8   0x080030a8   0x0000014c   Code   RO         7642    i.HAL_UART_IRQHandler  stm32f1xx_hal_uart.o
    0x080031f4   0x080031f4   0x00000072   Code   RO         7643    i.HAL_UART_Init     stm32f1xx_hal_uart.o
    0x08003266   0x08003266   0x00000002   PAD
    0x08003268   0x08003268   0x00000140   Code   RO         1198    i.HAL_UART_MspInit  lq_usart.o
    0x080033a8   0x080033a8   0x00000070   Code   RO         7648    i.HAL_UART_Receive_IT  stm32f1xx_hal_uart.o
    0x08003418   0x08003418   0x000000dc   Code   RO         1199    i.HAL_UART_RxCpltCallback  lq_usart.o
    0x080034f4   0x080034f4   0x000000d6   Code   RO         7651    i.HAL_UART_Transmit  stm32f1xx_hal_uart.o
    0x080035ca   0x080035ca   0x00000002   Code   RO         7654    i.HAL_UART_TxCpltCallback  stm32f1xx_hal_uart.o
    0x080035cc   0x080035cc   0x00000004   Code   RO          274    i.HardFault_Handler  stm32f1xx_it.o
    0x080035d0   0x080035d0   0x00000030   Code   RO         1273    i.JTAG_Set          sys.o
    0x08003600   0x08003600   0x0000004c   Code   RO         1403    i.LED_Ctrl          lq_led.o
    0x0800364c   0x0800364c   0x00000050   Code   RO         1404    i.LED_Init          lq_led.o
    0x0800369c   0x0800369c   0x00000004   Code   RO          275    i.MemManage_Handler  stm32f1xx_it.o
    0x080036a0   0x080036a0   0x00000088   Code   RO         1526    i.MotorCtrl3w       lq_motor.o
    0x08003728   0x08003728   0x0000009c   Code   RO         1527    i.MotorInit         lq_motor.o
    0x080037c4   0x080037c4   0x00000002   Code   RO          276    i.NMI_Handler       stm32f1xx_it.o
    0x080037c6   0x080037c6   0x00000038   Code   RO          828    i.OLED_CLS          lq_oled096.o
    0x080037fe   0x080037fe   0x00000002   PAD
    0x08003800   0x08003800   0x0000014c   Code   RO          831    i.OLED_Init         lq_oled096.o
    0x0800394c   0x0800394c   0x00000088   Code   RO          834    i.OLED_P8x16Str     lq_oled096.o
    0x080039d4   0x080039d4   0x00000024   Code   RO          838    i.OLED_Set_Pos      lq_oled096.o
    0x080039f8   0x080039f8   0x00000074   Code   RO          843    i.OLED_WrCmd        lq_oled096.o
    0x08003a6c   0x08003a6c   0x00000074   Code   RO          844    i.OLED_WrDat        lq_oled096.o
    0x08003ae0   0x08003ae0   0x00000002   Code   RO          277    i.PendSV_Handler    stm32f1xx_it.o
    0x08003ae2   0x08003ae2   0x00000002   PAD
    0x08003ae4   0x08003ae4   0x00000028   Code   RO         5292    i.RCC_Delay         stm32f1xx_hal_rcc.o
    0x08003b0c   0x08003b0c   0x00000002   Code   RO          278    i.SVC_Handler       stm32f1xx_it.o
    0x08003b0e   0x08003b0e   0x00000008   Code   RO          279    i.SysTick_Handler   stm32f1xx_it.o
    0x08003b16   0x08003b16   0x00000066   Code   RO          573    i.SystemClock_Config  delay.o
    0x08003b7c   0x08003b7c   0x00000058   Code   RO         1654    i.SystemInit        system_stm32f1xx.o
    0x08003bd4   0x08003bd4   0x00000088   Code   RO         1530    i.TIM1_PWM_Init     lq_motor.o
    0x08003c5c   0x08003c5c   0x00000018   Code   RO          280    i.TIM2_IRQHandler   stm32f1xx_it.o
    0x08003c74   0x08003c74   0x00000024   Code   RO          281    i.TIM3_IRQHandler   stm32f1xx_it.o
    0x08003c98   0x08003c98   0x00000018   Code   RO          282    i.TIM4_IRQHandler   stm32f1xx_it.o
    0x08003cb0   0x08003cb0   0x0000009c   Code   RO         6769    i.TIM_Base_SetConfig  stm32f1xx_hal_tim.o
    0x08003d4c   0x08003d4c   0x00000022   Code   RO         6770    i.TIM_CCxChannelCmd  stm32f1xx_hal_tim.o
    0x08003d6e   0x08003d6e   0x00000002   PAD
    0x08003d70   0x08003d70   0x00000070   Code   RO         6782    i.TIM_OC1_SetConfig  stm32f1xx_hal_tim.o
    0x08003de0   0x08003de0   0x0000007c   Code   RO         6783    i.TIM_OC2_SetConfig  stm32f1xx_hal_tim.o
    0x08003e5c   0x08003e5c   0x00000078   Code   RO         6784    i.TIM_OC3_SetConfig  stm32f1xx_hal_tim.o
    0x08003ed4   0x08003ed4   0x00000054   Code   RO         6785    i.TIM_OC4_SetConfig  stm32f1xx_hal_tim.o
    0x08003f28   0x08003f28   0x00000014   Code   RO         7656    i.UART_DMAAbortOnError  stm32f1xx_hal_uart.o
    0x08003f3c   0x08003f3c   0x00000020   Code   RO         7666    i.UART_EndRxTransfer  stm32f1xx_hal_uart.o
    0x08003f5c   0x08003f5c   0x00000020   Code   RO         7667    i.UART_EndTransmit_IT  stm32f1xx_hal_uart.o
    0x08003f7c   0x08003f7c   0x000000a6   Code   RO         7669    i.UART_Receive_IT   stm32f1xx_hal_uart.o
    0x08004022   0x08004022   0x00000002   PAD
    0x08004024   0x08004024   0x000001a0   Code   RO         7670    i.UART_SetConfig    stm32f1xx_hal_uart.o
    0x080041c4   0x080041c4   0x00000068   Code   RO         7671    i.UART_Transmit_IT  stm32f1xx_hal_uart.o
    0x0800422c   0x0800422c   0x0000006c   Code   RO         7672    i.UART_WaitOnFlagUntilTimeout  stm32f1xx_hal_uart.o
    0x08004298   0x08004298   0x00000010   Code   RO          283    i.USART2_IRQHandler  stm32f1xx_it.o
    0x080042a8   0x080042a8   0x00000010   Code   RO          284    i.USART3_IRQHandler  stm32f1xx_it.o
    0x080042b8   0x080042b8   0x00000004   Code   RO          285    i.UsageFault_Handler  stm32f1xx_it.o
    0x080042bc   0x080042bc   0x00000028   Code   RO         9581    i.__ARM_fpclassify  m_ws.l(fpclassify.o)
    0x080042e4   0x080042e4   0x00000010   Code   RO         2407    i.__NVIC_GetPriorityGrouping  stm32f1xx_hal_cortex.o
    0x080042f4   0x080042f4   0x00000028   Code   RO         2408    i.__NVIC_SetPriority  stm32f1xx_hal_cortex.o
    0x0800431c   0x0800431c   0x0000000e   Code   RO         9571    i.__mathlib_dbl_overflow  m_ws.l(dunder.o)
    0x0800432a   0x0800432a   0x00000002   PAD
    0x0800432c   0x0800432c   0x00000010   Code   RO         9573    i.__mathlib_dbl_underflow  m_ws.l(dunder.o)
    0x0800433c   0x0800433c   0x00000010   Code   RO         9746    i.__mathlib_narrow  m_ws.l(narrow.o)
    0x0800434c   0x0800434c   0x000000bc   Code   RO         9747    i.__mathlib_tofloat  m_ws.l(narrow.o)
    0x08004408   0x08004408   0x00000016   Code   RO         9787    i.__support_ldexp   m_ws.l(ldexp.o)
    0x0800441e   0x0800441e   0x0000000e   Code   RO         9409    i._is_digit         c_w.l(__printf_wp.o)
    0x0800442c   0x0800442c   0x00000004   Code   RO         1201    i._sys_exit         lq_usart.o
    0x08004430   0x08004430   0x0000002a   Code   RO         9517    i.atof              m_ws.l(atof.o)
    0x0800445a   0x0800445a   0x00000002   PAD
    0x0800445c   0x0800445c   0x00000014   Code   RO          574    i.delay_init        delay.o
    0x08004470   0x08004470   0x00000018   Code   RO          575    i.delay_ms          delay.o
    0x08004488   0x08004488   0x00000048   Code   RO          576    i.delay_us          delay.o
    0x080044d0   0x080044d0   0x0000001c   Code   RO         1202    i.fputc             lq_usart.o
    0x080044ec   0x080044ec   0x00000058   Code   RO         9768    i.frexp             m_ws.l(frexp.o)
    0x08004544   0x08004544   0x00000074   Code   RO         9788    i.ldexp             m_ws.l(ldexp.o)
    0x080045b8   0x080045b8   0x0000000e   Code   RO          846    i.lq_oled_short_delay  lq_oled096.o
    0x080045c6   0x080045c6   0x00000002   PAD
    0x080045c8   0x080045c8   0x000002ac   Code   RO            4    i.main              main.o
    0x08004874   0x08004874   0x00000050   Code   RO         1203    i.uart_SendBuf      lq_usart.o
    0x080048c4   0x080048c4   0x00000078   Code   RO         1204    i.uart_init         lq_usart.o
    0x0800493c   0x0800493c   0x0000002c   Code   RO         9651    locale$$code        c_w.l(lc_numeric_c.o)
    0x08004968   0x08004968   0x0000002c   Code   RO         9728    locale$$code        c_w.l(lc_ctype_c.o)
    0x08004994   0x08004994   0x00000062   Code   RO         9438    x$fpl$d2f           fz_ws.l(d2f.o)
    0x080049f6   0x080049f6   0x00000002   PAD
    0x080049f8   0x080049f8   0x00000150   Code   RO         9440    x$fpl$dadd          fz_ws.l(daddsub_clz.o)
    0x08004b48   0x08004b48   0x00000010   Code   RO         9653    x$fpl$dcheck1       fz_ws.l(dcheck1.o)
    0x08004b58   0x08004b58   0x00000018   Code   RO         9550    x$fpl$dcmpinf       fz_ws.l(dcmpi.o)
    0x08004b70   0x08004b70   0x00000078   Code   RO         9450    x$fpl$deqf          fz_ws.l(deqf.o)
    0x08004be8   0x08004be8   0x0000005e   Code   RO         9452    x$fpl$dfix          fz_ws.l(dfix.o)
    0x08004c46   0x08004c46   0x00000002   PAD
    0x08004c48   0x08004c48   0x00000078   Code   RO         9462    x$fpl$dleqf         fz_ws.l(dleqf.o)
    0x08004cc0   0x08004cc0   0x00000154   Code   RO         9464    x$fpl$dmul          fz_ws.l(dmul.o)
    0x08004e14   0x08004e14   0x0000009c   Code   RO         9552    x$fpl$dnaninf       fz_ws.l(dnaninf.o)
    0x08004eb0   0x08004eb0   0x0000000c   Code   RO         9554    x$fpl$dretinf       fz_ws.l(dretinf.o)
    0x08004ebc   0x08004ebc   0x0000006c   Code   RO         9466    x$fpl$drleqf        fz_ws.l(drleqf.o)
    0x08004f28   0x08004f28   0x00000016   Code   RO         9441    x$fpl$drsb          fz_ws.l(daddsub_clz.o)
    0x08004f3e   0x08004f3e   0x00000002   PAD
    0x08004f40   0x08004f40   0x000001d4   Code   RO         9442    x$fpl$dsub          fz_ws.l(daddsub_clz.o)
    0x08005114   0x08005114   0x0000000a   Code   RO         9562    x$fpl$fretinf       fz_ws.l(fretinf.o)
    0x0800511e   0x0800511e   0x00000006   Code   RO         9655    x$fpl$ieeestatus    fz_ws.l(istatus.o)
    0x08005124   0x08005124   0x00000004   Code   RO         9496    x$fpl$printf1       fz_ws.l(printf1.o)
    0x08005128   0x08005128   0x00000064   Code   RO         9723    x$fpl$retnan        fz_ws.l(retnan.o)
    0x0800518c   0x0800518c   0x0000005c   Code   RO         9564    x$fpl$scalbn        fz_ws.l(scalbn.o)
    0x080051e8   0x080051e8   0x00000004   Code   RO         9657    x$fpl$scanf1        fz_ws.l(scanf1.o)
    0x080051ec   0x080051ec   0x00000008   Code   RO         9738    x$fpl$scanf2        fz_ws.l(scanf2.o)
    0x080051f4   0x080051f4   0x00000030   Code   RO         9744    x$fpl$trapveneer    fz_ws.l(trapv.o)
    0x08005224   0x08005224   0x00000000   Code   RO         9566    x$fpl$usenofp       fz_ws.l(usenofp.o)
    0x08005224   0x08005224   0x00000e83   Data   RO          847    .constdata          lq_oled096.o
    0x080060a7   0x080060a7   0x00000018   Data   RO         1655    .constdata          system_stm32f1xx.o
    0x080060bf   0x080060bf   0x00000011   Data   RO         9412    .constdata          c_w.l(__printf_flags_wp.o)
    0x080060d0   0x080060d0   0x00000094   Data   RO         9622    .constdata          c_w.l(bigflt0.o)
    0x08006164   0x08006164   0x00000020   Data   RO         9847    Region$$Table       anon$$obj.o
    0x08006184   0x08006184   0x00000008   Data   RO         9732    c$$dinf             fz_ws.l(fpconst.o)
    0x0800618c   0x0800618c   0x00000008   Data   RO         9735    c$$dmax             fz_ws.l(fpconst.o)
    0x08006194   0x08006194   0x0000001c   Data   RO         9650    locale$$data        c_w.l(lc_numeric_c.o)
    0x080061b0   0x080061b0   0x00000110   Data   RO         9727    locale$$data        c_w.l(lc_ctype_c.o)


    Execution Region RW_IRAM1 (Exec base: 0x20000000, Load base: 0x080062c0, Size: 0x00000ca8, Max: 0x00005000, ABSOLUTE)

    Exec Addr    Load Addr    Size         Type   Attr      Idx    E Section Name        Object

    0x20000000   0x080062c0   0x00000020   Data   RW            6    .data               main.o
    0x20000020   0x080062e0   0x00000004   Data   RW          577    .data               delay.o
    0x20000024   0x080062e4   0x0000000e   Data   RW         1206    .data               lq_usart.o
    0x20000032   0x080062f2   0x00000002   PAD
    0x20000034   0x080062f4   0x00000004   Data   RW         1656    .data               system_stm32f1xx.o
    0x20000038   0x080062f8   0x00000009   Data   RW         1715    .data               stm32f1xx_hal.o
    0x20000041   0x08006301   0x00000003   PAD
    0x20000044        -       0x00000020   Zero   RW            5    .bss                main.o
    0x20000064        -       0x00000548   Zero   RW         1205    .bss                lq_usart.o
    0x200005ac        -       0x00000040   Zero   RW         1484    .bss                lq_tim.o
    0x200005ec        -       0x0000005c   Zero   RW         1535    .bss                lq_motor.o
    0x20000648        -       0x00000060   Zero   RW         9660    .bss                c_w.l(libspace.o)
    0x200006a8        -       0x00000200   Zero   RW         1614    HEAP                startup_stm32f103xe.o
    0x200008a8        -       0x00000400   Zero   RW         1613    STACK               startup_stm32f103xe.o


==============================================================================

Image component sizes


      Code (inc. data)   RO Data    RW Data    ZI Data      Debug   Object Name

       218          8          0          4          0       2484   delay.o
        22          0          0          0          0       1002   lq_exti.o
       156         12          0          0          0       1382   lq_led.o
       428         34          0          0         92       2717   lq_motor.o
       806         34       3715          0          0       5727   lq_oled096.o
        24          6          0          0         64       1087   lq_tim.o
       772        118          0         14       1352       6385   lq_usart.o
       684        152          0         32         32     483670   main.o
        64         26        304          0       1536        804   startup_stm32f103xe.o
       152         32          0          9          0       5789   stm32f1xx_hal.o
       344         22          0          0          0      29781   stm32f1xx_hal_cortex.o
       424         10          0          0          0       1175   stm32f1xx_hal_dma.o
       888         44          0          0          0       3830   stm32f1xx_hal_gpio.o
         2          0          0          0          0        430   stm32f1xx_hal_msp.o
      1784        110          0          0          0       5860   stm32f1xx_hal_rcc.o
      1656         74          0          0          0      11463   stm32f1xx_hal_tim.o
         4          0          0          0          0       1449   stm32f1xx_hal_tim_ex.o
      1654         10          0          0          0       9211   stm32f1xx_hal_uart.o
       148         28          0          0          0      92136   stm32f1xx_it.o
        48         10          0          0          0        475   sys.o
        88         18         24          4          0       1139   system_stm32f1xx.o

    ----------------------------------------------------------------------
     10380        748       4075         68       3076     667996   Object Totals
         0          0         32          0          0          0   (incl. Generated)
        14          0          0          5          0          0   (incl. Padding)

    ----------------------------------------------------------------------

      Code (inc. data)   RO Data    RW Data    ZI Data      Debug   Library Member Name

         8          0          0          0          0         68   __main.o
       312          4         17          0          0         92   __printf_flags_wp.o
        14          0          0          0          0         68   __printf_wp.o
         0          0          0          0          0          0   __rtentry.o
        12          0          0          0          0          0   __rtentry2.o
         6          0          0          0          0          0   __rtentry4.o
        52          8          0          0          0          0   __scatter.o
        26          0          0          0          0          0   __scatter_copy.o
        28          0          0          0          0          0   __scatter_zi.o
        28          0          0          0          0         68   _chval.o
        48          6          0          0          0         96   _printf_char_common.o
        36          4          0          0          0         80   _printf_char_file.o
         6          0          0          0          0          0   _printf_f.o
      1054          0          0          0          0        216   _printf_fp_dec.o
       128         16          0          0          0         84   _printf_fp_infnan.o
         0          0          0          0          0          0   _printf_percent.o
         4          0          0          0          0          0   _printf_percent_end.o
        22          0          0          0          0        100   _rserrno.o
        64          0          0          0          0         84   _sgetc.o
        10          0          0          0          0         68   _sputc.o
       228          4        148          0          0         96   bigflt0.o
      2152        136          0          0          0        960   btod.o
        18          0          0          0          0         80   exit.o
         8          0          0          0          0         68   ferror.o
         6          0          0          0          0        152   heapauxi.o
        18          0          0          0          0         76   isspace.o
        44         10        272          0          0         76   lc_ctype_c.o
        44         10         28          0          0         76   lc_numeric_c.o
         2          0          0          0          0          0   libinit.o
        30          0          0          0          0          0   libinit2.o
         2          0          0          0          0          0   libshutdown.o
         2          0          0          0          0          0   libshutdown2.o
         8          4          0          0         96         68   libspace.o
        38          0          0          0          0         68   llshl.o
       138          0          0          0          0         80   lludiv10.o
        24          4          0          0          0         84   noretval__2printf.o
        40          6          0          0          0         84   noretval__2sprintf.o
        16          4          0          0          0         76   rt_ctype_table.o
         8          4          0          0          0         68   rt_errno_addr_intlibspace.o
         8          4          0          0          0         68   rt_locale_intlibspace.o
        78          0          0          0          0         80   rt_memclr_w.o
         2          0          0          0          0          0   rtexit.o
        10          0          0          0          0          0   rtexit2.o
      1272         16          0          0          0        168   scanf_fp.o
       800         14          0          0          0        100   scanf_hexfp.o
       308         16          0          0          0        100   scanf_infnan.o
       128          0          0          0          0         68   strcmpv7m.o
        62          0          0          0          0         76   strlen.o
       164         14          0          0          0        120   strtod.o
        74          0          0          0          0         80   sys_stackheap_outer.o
         2          0          0          0          0         68   use_no_semi.o
         2          0          0          0          0         68   use_no_semi_2.o
        98          4          0          0          0         92   d2f.o
       826         16          0          0          0        348   daddsub_clz.o
        16          4          0          0          0         68   dcheck1.o
        24          0          0          0          0         68   dcmpi.o
       120          4          0          0          0         92   deqf.o
        94          4          0          0          0         92   dfix.o
       120          4          0          0          0         92   dleqf.o
       340         12          0          0          0        104   dmul.o
       156          4          0          0          0         92   dnaninf.o
        12          0          0          0          0         68   dretinf.o
       108          0          0          0          0         80   drleqf.o
         0          0         16          0          0          0   fpconst.o
        10          0          0          0          0         68   fretinf.o
         6          0          0          0          0         68   istatus.o
         4          0          0          0          0         68   printf1.o
       100          0          0          0          0         68   retnan.o
        92          0          0          0          0         68   scalbn.o
         4          0          0          0          0         68   scanf1.o
         8          0          0          0          0         84   scanf2.o
        48          0          0          0          0         68   trapv.o
         0          0          0          0          0          0   usenofp.o
        42          0          0          0          0         84   atof.o
        30          6          0          0          0        136   dunder.o
        40          0          0          0          0         68   fpclassify.o
        88          8          0          0          0         76   frexp.o
       138          0          0          0          0        160   ldexp.o
       204          4          0          0          0        168   narrow.o

    ----------------------------------------------------------------------
     10344        356        481          0         96       6580   Library Totals
        22          2          0          0          0          0   (incl. Padding)

    ----------------------------------------------------------------------

      Code (inc. data)   RO Data    RW Data    ZI Data      Debug   Library Name

      7594        284        465          0         96       4132   c_w.l
      2186         52         16          0          0       1756   fz_ws.l
       542         18          0          0          0        692   m_ws.l

    ----------------------------------------------------------------------
     10344        356        481          0         96       6580   Library Totals

    ----------------------------------------------------------------------

==============================================================================


      Code (inc. data)   RO Data    RW Data    ZI Data      Debug   

     20724       1104       4556         68       3172     665888   Grand Totals
     20724       1104       4556         68       3172     665888   ELF Image Totals
     20724       1104       4556         68          0          0   ROM Totals

==============================================================================

    Total RO  Size (Code + RO Data)                25280 (  24.69kB)
    Total RW  Size (RW Data + ZI Data)              3240 (   3.16kB)
    Total ROM Size (Code + RO Data + RW Data)      25348 (  24.75kB)

==============================================================================

